cargo : warning: profi
les for the non root p
ackage will be ignored
, specify profiles at 
the workspace root:
発生場所 行:1 文字:1
+ cargo check --packag
e rany_kernel 2>&1 | O
ut-File -FilePath "bui
ld_er ...
+ ~~~~~~~~~~~~~~~~~~~~
~~~~~~~~~~~~~~~~~~
    + CategoryInfo    
          : NotSpeci  
  fied: (warning: p   
 rofil...workspace    
 root::String) []    ,
 RemoteException
    + FullyQualifiedE 
   rrorId : NativeCo  
  mmandError
 
package:   D:\Rust\Ran
y_OS\kernel\Cargo.toml
workspace: D:\Rust\Ran
y_OS\Cargo.toml
warning: D:\Rust\Rany_
OS\kernel\Cargo.toml: 
`panic` setting is ign
ored for `test` profil
e
warning: unused import
: `error`
  --> kernel\src\main.
rs:10:30
   |
10 | use log::{info, w
arn, debug, error};
   |                  
            ^^^^^
   |
   = note: `#[warn(unu
sed_imports)]` (part o
f `#[warn(unused)]`) o
n by default

warning: unused import
s: `DomainPriority`, `
DomainQuota`, `QuotaEr
ror`, and `quota_manag
er`
  --> kernel\src\domai
n\mod.rs:11:17
   |
11 | pub use quota::{D
omainQuota, DomainPrio
rity, QuotaError, quot
a_manager};
   |                 ^
^^^^^^^^^^  ^^^^^^^^^^
^^^^  ^^^^^^^^^^  ^^^^
^^^^^^^^^

warning: unexpected `c
fg` condition value: `
debug-trace`
  --> kernel\src\fs\fa
t32.rs:70:7
   |
70 | #[cfg(feature = "
debug-trace")]
   |       ^^^^^^^^^^^
^^^^^^^^^^^^
   |
   = note: expected va
lues for `feature` are
: `default`, `require_
signatures`, `serial`,
 `stats`, `uart_16550`
, and `verbose_logging
`
   = help: consider ad
ding `debug-trace` as 
a feature in `Cargo.to
ml`
   = note: see <https:
//doc.rust-lang.org/ni
ghtly/rustc/check-cfg/
cargo-specifics.html> 
for more information a
bout checking conditio
nal configuration
   = note: `#[warn(une
xpected_cfgs)]` on by 
default

warning: unexpected `c
fg` condition value: `
debug-trace`
  --> kernel\src\fs\fa
t32.rs:80:11
   |
80 | #[cfg(not(feature
 = "debug-trace"))]
   |           ^^^^^^^
^^^^^^^^^^^^^^^^
   |
   = note: expected va
lues for `feature` are
: `default`, `require_
signatures`, `serial`,
 `stats`, `uart_16550`
, and `verbose_logging
`
   = help: consider ad
ding `debug-trace` as 
a feature in `Cargo.to
ml`
   = note: see <https:
//doc.rust-lang.org/ni
ghtly/rustc/check-cfg/
cargo-specifics.html> 
for more information a
bout checking conditio
nal configuration

warning: unused macro 
definition: `trace_fat
_operation`
  --> kernel\src\fs\fa
t32.rs:81:14
   |
81 | macro_rules! trac
e_fat_operation {
   |              ^^^^
^^^^^^^^^^^^^^^
   |
   = note: `#[warn(unu
sed_macros)]` (part of
 `#[warn(unused)]`) on
 by default

warning: unused import
: `StackFrame`
  --> kernel\src\graph
ics\bsod.rs:25:32
   |
25 | use crate::unwind
::{Backtrace, StackFra
me};
   |                  
              ^^^^^^^^
^^

warning: unused import
: `constants::*`
  --> kernel\src\graph
ics\compositor\mod.rs:
43:9
   |
43 | pub use constants
::*;
   |         ^^^^^^^^^
^^^

warning: unused import
s: `DirtyRect` and `Di
rtyRegionManager`
  --> kernel\src\graph
ics\compositor\mod.rs:
44:22
   |
44 | pub use dirty_rec
t::{DirtyRect, DirtyRe
gionManager};
   |                  
    ^^^^^^^^^  ^^^^^^^
^^^^^^^^^^^

warning: unused import
s: `CompositorWindowSt
ate`, `DragState`, `Re
sizeEdge`, and `ZOrder
`
  --> kernel\src\graph
ics\compositor\mod.rs:
46:25
   |
46 |     CompositorWin
dowId, CompositorWindo
wState, CompositorWind
owStyle,
   |                  
       ^^^^^^^^^^^^^^^
^^^^^^
47 |     DragState, Re
sizeEdge, ZOrder,
   |     ^^^^^^^^^  ^^
^^^^^^^^  ^^^^^^

warning: unused import
s: `CursorType` and `M
ouseCursor`
  --> kernel\src\graph
ics\compositor\mod.rs:
49:18
   |
49 | pub use cursor::{
CursorType, MouseCurso
r};
   |                  
^^^^^^^^^^  ^^^^^^^^^^
^

warning: unused import
: `window::CompositorW
indow`
  --> kernel\src\graph
ics\compositor\mod.rs:
50:9
   |
50 | pub use window::C
ompositorWindow;
   |         ^^^^^^^^^
^^^^^^^^^^^^^^^

warning: unused import
s: `FramebufferInfo` a
nd `PixelFormat`
  --> kernel\src\graph
ics\mod.rs:45:24
   |
45 | pub use types::{C
olor, PixelFormat, Fra
mebufferInfo, Point, R
ect};
   |                  
      ^^^^^^^^^^^  ^^^
^^^^^^^^^^^^

warning: unused import
s: `FONT_HEIGHT` and `
FONT_WIDTH`
  --> kernel\src\graph
ics\mod.rs:47:28
   |
47 | pub use font::{Bi
tmapFont, FONT_WIDTH, 
FONT_HEIGHT};
   |                  
          ^^^^^^^^^^  
^^^^^^^^^^^

warning: unused import
: `console::TextConsol
e`
  --> kernel\src\graph
ics\mod.rs:48:9
   |
48 | pub use console::
TextConsole;
   |         ^^^^^^^^^
^^^^^^^^^^^

warning: unused import
s: `console_print`, `i
nit_console`, `init`, 
and `with_console`
  --> kernel\src\graph
ics\mod.rs:52:5
   |
52 |     init,
   |     ^^^^
53 |     init_from_lim
ine,
54 |     init_console,
   |     ^^^^^^^^^^^^
55 |     with_framebuf
fer,
56 |     with_console,
   |     ^^^^^^^^^^^^
57 |     framebuffer,
58 |     console_print
,
   |     ^^^^^^^^^^^^^

warning: unused import
: `update_boot_progres
s`
  --> kernel\src\graph
ics\mod.rs:64:5
   |
64 |     update_boot_p
rogress,
   |     ^^^^^^^^^^^^^
^^^^^^^

warning: unused import
s: `MadtEntryHeader`, 
`MadtEntryType`, `Madt
InterruptOverride`, `M
adtIoApic`, `MadtLocal
ApicOverride`, `MadtLo
calApic`, `McfgEntry`,
 `RSDP_SIGNATURE`, and
 `signature`
  --> kernel\src\io\ac
pi\mod.rs:29:5
   |
29 |     signature, Ac
piError, AcpiSdtHeader
, Fadt, Madt, MadtEntr
yHeader, MadtEntryType
,
   |     ^^^^^^^^^    
                      
              ^^^^^^^^
^^^^^^^  ^^^^^^^^^^^^^
30 |     MadtInterrupt
Override, MadtIoApic, 
MadtLocalApic, MadtLoc
alApicOverride, Mcfg, 
McfgEntry, Rsdp,
   |     ^^^^^^^^^^^^^
^^^^^^^^  ^^^^^^^^^^  
^^^^^^^^^^^^^  ^^^^^^^
^^^^^^^^^^^^^^        
^^^^^^^^^
31 |     RSDP_SIGNATUR
E,
   |     ^^^^^^^^^^^^^
^

warning: unused import
: `ReceivedFis`
  --> kernel\src\io\ah
ci\mod.rs:26:74
   |
26 | pub use command::
{CommandHeader, Comman
dTable, PhysicalRegion
Descriptor, ReceivedFi
s};
   |                  
                      
                      
            ^^^^^^^^^^
^

warning: unused import
s: `AhciController` an
d `init_from_pci`
  --> kernel\src\io\ah
ci\mod.rs:27:22
   |
27 | pub use controlle
r::{init_from_pci, Ahc
iController};
   |                  
    ^^^^^^^^^^^^^  ^^^
^^^^^^^^^^^

warning: unused import
s: `AhciDmaReadBuffer`
, `AhciDmaWriteBuffer`
, and `AhciIdentifyBuf
fer`
  --> kernel\src\io\ah
ci\mod.rs:28:22
   |
28 | pub use dma_buffe
r::{AhciDmaReadBuffer,
 AhciDmaWriteBuffer, A
hciIdentifyBuffer};
   |                  
    ^^^^^^^^^^^^^^^^^ 
 ^^^^^^^^^^^^^^^^^^  ^
^^^^^^^^^^^^^^^^^

warning: unused import
s: `ATA_CMD_FLUSH_CACH
E_EXT`, `ATA_CMD_FLUSH
_CACHE`, `ATA_CMD_IDEN
TIFY`, `ATA_CMD_READ_D
MA_EXT`, and `ATA_CMD_
WRITE_DMA_EXT`
  --> kernel\src\io\ah
ci\mod.rs:30:25
   |
30 |     FisRegH2D, Fi
sType, ATA_CMD_FLUSH_C
ACHE, ATA_CMD_FLUSH_CA
CHE_EXT, ATA_CMD_IDENT
IFY,
   |                  
       ^^^^^^^^^^^^^^^
^^^^  ^^^^^^^^^^^^^^^^
^^^^^^^  ^^^^^^^^^^^^^
^^^
31 |     ATA_CMD_READ_
DMA_EXT, ATA_CMD_WRITE
_DMA_EXT,
   |     ^^^^^^^^^^^^^
^^^^^^^  ^^^^^^^^^^^^^
^^^^^^^^

warning: unused import
: `identify::IdentifyD
ata`
  --> kernel\src\io\ah
ci\mod.rs:33:9
   |
33 | pub use identify:
:IdentifyData;
   |         ^^^^^^^^^
^^^^^^^^^^^^^

warning: unused import
s: `AhciPollHandler` a
nd `register_ahci_with
_io_scheduler`
  --> kernel\src\io\ah
ci\mod.rs:34:24
   |
34 | pub use poll_hand
ler::{register_ahci_wi
th_io_scheduler, AhciP
ollHandler};
   |                  
      ^^^^^^^^^^^^^^^^
^^^^^^^^^^^^^^^  ^^^^^
^^^^^^^^^^

warning: unused import
: `port::AhciPort`
  --> kernel\src\io\ah
ci\mod.rs:35:9
   |
35 | pub use port::Ahc
iPort;
   |         ^^^^^^^^^
^^^^^

warning: unused import
s: `GHC_AE`, `GHC_CAP`
, `GHC_GHC`, `GHC_HR`,
 `GHC_IE`, `GHC_IS`, `
GHC_PI`, `GHC_VS`, `PO
RT_BASE`, `PORT_SIZE`,
 `PX_CI`, `PX_CLBU`, `
PX_CLB`, `PX_CMD_CR`, 
`PX_CMD_FRE`, `PX_CMD_
FR`, `PX_CMD_ST`, `PX_
CMD`, `PX_FBU`, `PX_FB
`, `PX_IE`, `PX_IS_DHR
S`, `PX_IS_DSS`, `PX_I
S_PSS`, `PX_IS_SDBS`, 
`PX_IS_TFES`, `PX_IS`,
 `PX_SACT`, `PX_SCTL`,
 `PX_SERR`, `PX_SIG`, 
`PX_SSTS`, `PX_TFD`, `
SECTOR_SIZE`, and `Sec
torCount`
  --> kernel\src\io\ah
ci\mod.rs:37:57
   |
37 |     AhciError, Ah
ciResult, DeviceType, 
Lba, PortNumber, Secto
rCount, SlotNumber,
   |                  
                      
                 ^^^^^
^^^^^^
38 |     // 繝ｬ繧ｸ繧ｹ繧ｿ螳壽
焚
39 |     GHC_AE, GHC_C
AP, GHC_GHC, GHC_HR, G
HC_IE, GHC_IS, GHC_PI,
 GHC_VS,
   |     ^^^^^^  ^^^^^
^^  ^^^^^^^  ^^^^^^  ^
^^^^^  ^^^^^^  ^^^^^^ 
 ^^^^^^
40 |     PORT_BASE, PO
RT_SIZE, PX_CI, PX_CLB
, PX_CLBU, PX_CMD, PX_
CMD_CR, PX_CMD_FR,
   |     ^^^^^^^^^  ^^
^^^^^^^  ^^^^^  ^^^^^^
  ^^^^^^^  ^^^^^^  ^^^
^^^^^^  ^^^^^^^^^
41 |     PX_CMD_FRE, P
X_CMD_ST, PX_FB, PX_FB
U, PX_IE, PX_IS, PX_IS
_DHRS, PX_IS_DSS,
   |     ^^^^^^^^^^  ^
^^^^^^^^  ^^^^^  ^^^^^
^  ^^^^^  ^^^^^  ^^^^^
^^^^^  ^^^^^^^^^
42 |     PX_IS_PSS, PX
_IS_SDBS, PX_IS_TFES, 
PX_SACT, PX_SCTL, PX_S
ERR, PX_SIG, PX_SSTS,
   |     ^^^^^^^^^  ^^
^^^^^^^^  ^^^^^^^^^^  
^^^^^^^  ^^^^^^^  ^^^^
^^^  ^^^^^^  ^^^^^^^
43 |     PX_TFD, SECTO
R_SIZE,
   |     ^^^^^^  ^^^^^
^^^^^^

warning: unused import
s: `DeviceType` and `L
ba`
  --> kernel\src\io\ah
ci_atapi.rs:29:57
   |
29 |     AhciError, Ah
ciResult, CommandHeade
r, CommandTable, Devic
eType, FisRegH2D, FisT
ype, Lba,
   |                  
                      
                 ^^^^^
^^^^^                 
     ^^^

warning: unused import
: `alloc::string::Stri
ng`
  --> kernel\src\io\au
dio\hda\controller.rs:
15:5
   |
15 | use alloc::string
::String;
   |     ^^^^^^^^^^^^^
^^^^^^^^

warning: unnecessary p
arentheses around assi
gned value
   --> kernel\src\io\a
udio\hda\stream.rs:111
:32
    |
111 |             9600
0 => format |= (1 << F
MT_MULT_SHIFT), // 48k
Hz * 2
    |                 
               ^      
             ^
    |
    = note: `#[warn(un
used_parens)]` (part o
f `#[warn(unused)]`) o
n by default
help: remove these par
entheses
    |
111 -             9600
0 => format |= (1 << F
MT_MULT_SHIFT), // 48k
Hz * 2
111 +             9600
0 => format |= 1 << FM
T_MULT_SHIFT, // 48kHz
 * 2
    |

warning: unnecessary p
arentheses around assi
gned value
   --> kernel\src\io\a
udio\hda\stream.rs:112
:33
    |
112 |             1920
00 => format |= (3 << 
FMT_MULT_SHIFT), // 48
kHz * 4
    |                 
                ^     
              ^
    |
help: remove these par
entheses
    |
112 -             1920
00 => format |= (3 << 
FMT_MULT_SHIFT), // 48
kHz * 4
112 +             1920
00 => format |= 3 << F
MT_MULT_SHIFT, // 48kH
z * 4
    |

warning: unused import
: `make_corb_entry`
  --> kernel\src\io\au
dio\hda\mod.rs:38:5
   |
38 |     make_corb_ent
ry, BdlEntry, CodecInf
o, HdaError, HdaResult
, NodeType, RirbEntry,
 WidgetCaps,
   |     ^^^^^^^^^^^^^
^^

warning: unused import
: `codec::configure_co
dec_output`
  --> kernel\src\io\au
dio\hda\mod.rs:51:9
   |
51 | pub use codec::co
nfigure_codec_output;
   |         ^^^^^^^^^
^^^^^^^^^^^^^^^^^^^^

warning: unused import
s: `BdlEntry`, `CodecI
nfo`, `HdaController`,
 `HdaError`, `HdaResul
t`, `NodeType`, `RirbE
ntry`, and `WidgetCaps
`
  --> kernel\src\io\au
dio\mod.rs:23:5
   |
23 |     BdlEntry, Cod
ecInfo, HdaController,
 HdaError, HdaResult, 
NodeType, RirbEntry, W
idgetCaps,
   |     ^^^^^^^^  ^^^
^^^^^^  ^^^^^^^^^^^^^ 
 ^^^^^^^^  ^^^^^^^^^  
^^^^^^^^  ^^^^^^^^^  ^
^^^^^^^^^

warning: unused import
s: `BitDepth`, `Channe
lConfig`, `MixerConfig
`, `MixerError`, `Mixe
rResult`, and `Mixer`
  --> kernel\src\io\au
dio\mod.rs:26:5
   |
26 |     BitDepth, Cha
nnelConfig, Mixer, Mix
erConfig, MixerError, 
MixerResult,
   |     ^^^^^^^^  ^^^
^^^^^^^^^^  ^^^^^  ^^^
^^^^^^^^  ^^^^^^^^^^  
^^^^^^^^^^^

warning: unused import
s: `beep`, `init`, `pl
ay_tone`, `test_beep`,
 `with_driver_mut`, an
d `with_driver`
  --> kernel\src\io\au
dio\mod.rs:30:15
   |
30 | pub use hda::{bee
p, init, play_tone, te
st_beep, with_driver, 
with_driver_mut};
   |               ^^^
^  ^^^^  ^^^^^^^^^  ^^
^^^^^^^  ^^^^^^^^^^^  
^^^^^^^^^^^^^^^

warning: unused import
s: `clear_interrupt_pe
nding as hda_clear_int
errupt_pending`, `disa
ble_irq as hda_disable
_irq`, `enable_irq as 
hda_enable_irq`, `get_
interrupt_count as hda
_get_interrupt_count`,
 `get_irq as hda_get_i
rq`, and `handle_inter
rupt as hda_handle_int
errupt`
  --> kernel\src\io\au
dio\mod.rs:32:5
   |
32 |     handle_interr
upt as hda_handle_inte
rrupt,
   |     ^^^^^^^^^^^^^
^^^^^^^^^^^^^^^^^^^^^^
^^^^^
33 |     get_irq as hd
a_get_irq,
   |     ^^^^^^^^^^^^^
^^^^^^^^^
34 |     enable_irq as
 hda_enable_irq,
   |     ^^^^^^^^^^^^^
^^^^^^^^^^^^^^^
35 |     disable_irq a
s hda_disable_irq,
   |     ^^^^^^^^^^^^^
^^^^^^^^^^^^^^^^^
36 |     get_interrupt
_count as hda_get_inte
rrupt_count,
   |     ^^^^^^^^^^^^^
^^^^^^^^^^^^^^^^^^^^^^
^^^^^^^^^^^
37 |     clear_interru
pt_pending as hda_clea
r_interrupt_pending,
   |     ^^^^^^^^^^^^^
^^^^^^^^^^^^^^^^^^^^^^
^^^^^^^^^^^^^^^^^^^

warning: unused import
s: `add_channel as mix
er_add_channel`, `init
 as mixer_init`, `mix_
output_i16`, `submit_i
16 as mixer_submit_i16
`, `with_mixer_mut`, a
nd `with_mixer`
  --> kernel\src\io\au
dio\mod.rs:40:5
   |
40 |     add_channel a
s mixer_add_channel,
   |     ^^^^^^^^^^^^^
^^^^^^^^^^^^^^^^^^^
41 |     init as mixer
_init,
   |     ^^^^^^^^^^^^^
^^^^^
42 |     mix_output_i1
6,
   |     ^^^^^^^^^^^^^
^
43 |     submit_i16 as
 mixer_submit_i16,
   |     ^^^^^^^^^^^^^
^^^^^^^^^^^^^^^^^
44 |     with_mixer,
   |     ^^^^^^^^^^
45 |     with_mixer_mu
t,
   |     ^^^^^^^^^^^^^
^

warning: unused import
: `spin::Mutex`
   --> kernel\src\io\d
ma.rs:778:5
    |
778 | use spin::Mutex;
    |     ^^^^^^^^^^^

warning: unused import
: `alloc::boxed::Box`
  --> kernel\src\io\hi
d\keyboard.rs:42:5
   |
42 | use alloc::boxed:
:Box;
   |     ^^^^^^^^^^^^^
^^^^

warning: unused import
s: `DvorakKeymap`, `Ji
sKeymap`, and `UsQwert
yKeymap`
  --> kernel\src\io\hi
d\keyboard.rs:51:25
   |
51 | pub use super::ke
ymap::{DvorakKeymap, J
isKeymap, Keymap, UsQw
ertyKeymap, DEFAULT_KE
YMAP};
   |                  
       ^^^^^^^^^^^^  ^
^^^^^^^^          ^^^^
^^^^^^^^^^

warning: unused import
s: `poll_char as poll_
key_char` and `poll_ke
y_event`
   --> kernel\src\io\h
id\mod.rs:107:5
    |
107 |     poll_key_eve
nt,
    |     ^^^^^^^^^^^^
^^
108 |     poll_char as
 poll_key_char,
    |     ^^^^^^^^^^^^
^^^^^^^^^^^^^^

warning: unused import
s: `RawWakerVTable` an
d `RawWaker`
  --> kernel\src\io\io
_scheduler.rs:21:33
   |
21 | use core::task::{
Context, Poll, RawWake
r, RawWakerVTable, Wak
er};
   |                  
               ^^^^^^^
^  ^^^^^^^^^^^^^^

warning: unexpected `c
fg` condition value: `
task`
    --> kernel\src\io\
io_scheduler.rs:1049:1
1
     |
1049 |     #[cfg(featu
re = "task")]
     |           ^^^^^
^^^^^^^^^^^
     |
     = note: expected 
values for `feature` a
re: `default`, `requir
e_signatures`, `serial
`, `stats`, `uart_1655
0`, and `verbose_loggi
ng`
     = help: consider 
adding `task` as a fea
ture in `Cargo.toml`
     = note: see <http
s://doc.rust-lang.org/
nightly/rustc/check-cf
g/cargo-specifics.html
> for more information
 about checking condit
ional configuration

warning: unexpected `c
fg` condition value: `
task`
    --> kernel\src\io\
io_scheduler.rs:1053:1
5
     |
1053 |     #[cfg(not(f
eature = "task"))]
     |               ^
^^^^^^^^^^^^^^^
     |
     = note: expected 
values for `feature` a
re: `default`, `requir
e_signatures`, `serial
`, `stats`, `uart_1655
0`, and `verbose_loggi
ng`
     = help: consider 
adding `task` as a fea
ture in `Cargo.toml`
     = note: see <http
s://doc.rust-lang.org/
nightly/rustc/check-cf
g/cargo-specifics.html
> for more information
 about checking condit
ional configuration

warning: unused import
: `AtomicU32`
  --> kernel\src\io\nv
me\queue_types.rs:23:3
7
   |
23 | use core::sync::a
tomic::{AtomicU16, Ato
micU32, Ordering};
   |                  
                   ^^^
^^^^^^

warning: unused import
s: `CQE_SIZE` and `SQE
_SIZE`
  --> kernel\src\io\nv
me\queue_types.rs:26:4
2
   |
26 | use super::defs::
{AdminOpcode, IoOpcode
, SQE_SIZE, CQE_SIZE};
   |                  
                      
  ^^^^^^^^  ^^^^^^^^

warning: unused import
: `SubmissionQueue`
  --> kernel\src\io\nv
me\per_core.rs:23:31
   |
23 | use super::queue:
:{QueuePair, Submissio
nQueue};
   |                  
             ^^^^^^^^^
^^^^^^

warning: unused import
: `alloc::vec::Vec`
  --> kernel\src\io\nv
me\async_io.rs:12:5
   |
12 | use alloc::vec::V
ec;
   |     ^^^^^^^^^^^^^
^^

warning: unused import
: `super::per_core::Pe
rCoreNvmeQueue`
  --> kernel\src\io\nv
me\scheduler.rs:22:5
   |
22 | use super::per_co
re::PerCoreNvmeQueue;
   |     ^^^^^^^^^^^^^
^^^^^^^^^^^^^^^^^^^^

warning: unused import
s: `ADMIN_QUEUE_DEPTH`
, `CACHE_LINE_SIZE`, `
CONTROLLER_READY_TIMEO
UT_MS`, `CQE_SIZE`, `D
EFAULT_QUEUE_DEPTH as 
DEFS_DEFAULT_QUEUE_DEP
TH`, `DOORBELL_BATCH_T
HRESHOLD`, `MAX_QUEUE_
DEPTH as DEFS_MAX_QUEU
E_DEPTH`, `MAX_TRANSFE
R_SIZE`, `NvmeError as
 DefsNvmeError`, `PAGE
_SIZE`, `POLL_BATCH_SI
ZE`, `PrpEntry`, `PrpL
ist`, `SECTOR_SIZE`, `
SQE_SIZE`, `SglDescrip
tor`, and `SglType`
  --> kernel\src\io\nv
me\mod.rs:53:17
   |
53 |     NvmeStatus, N
vmeError as DefsNvmeEr
ror,
   |                 ^
^^^^^^^^^^^^^^^^^^^^^^
^^^
54 |     // Memory str
uctures
55 |     PrpEntry, Prp
List, SglDescriptor, S
glType,
   |     ^^^^^^^^  ^^^
^^^^  ^^^^^^^^^^^^^  ^
^^^^^^
56 |     // Constants
57 |     CACHE_LINE_SI
ZE, SQE_SIZE, CQE_SIZE
, SECTOR_SIZE, PAGE_SI
ZE,
   |     ^^^^^^^^^^^^^
^^  ^^^^^^^^  ^^^^^^^^
  ^^^^^^^^^^^  ^^^^^^^
^^
58 |     MAX_QUEUE_DEP
TH as DEFS_MAX_QUEUE_D
EPTH,
   |     ^^^^^^^^^^^^^
^^^^^^^^^^^^^^^^^^^^^^
^^^^
59 |     DEFAULT_QUEUE
_DEPTH as DEFS_DEFAULT
_QUEUE_DEPTH,
   |     ^^^^^^^^^^^^^
^^^^^^^^^^^^^^^^^^^^^^
^^^^^^^^^^^^
60 |     ADMIN_QUEUE_D
EPTH, MAX_TRANSFER_SIZ
E, POLL_BATCH_SIZE,
   |     ^^^^^^^^^^^^^
^^^^  ^^^^^^^^^^^^^^^^
^  ^^^^^^^^^^^^^^^
61 |     DOORBELL_BATC
H_THRESHOLD, CONTROLLE
R_READY_TIMEOUT_MS,
   |     ^^^^^^^^^^^^^
^^^^^^^^^^^  ^^^^^^^^^
^^^^^^^^^^^^^^^^^^

warning: unused import
s: `CmbLocation`, `Cmb
Size`, `NvmeAdminQueue
Attributes`, `NvmeCont
rollerConfig`, `NvmeCo
ntrollerStatus`, `cc_b
its`, `csts_bits`, and
 `offsets`
  --> kernel\src\io\nv
me\mod.rs:69:5
   |
69 |     offsets, cc_b
its, csts_bits,
   |     ^^^^^^^  ^^^^
^^^  ^^^^^^^^^
70 |     NvmeCapabilit
ies, NvmeControllerCon
fig, NvmeControllerSta
tus,
   |                  
     ^^^^^^^^^^^^^^^^^
^^^  ^^^^^^^^^^^^^^^^^
^^^
71 |     NvmeAdminQueu
eAttributes, CmbLocati
on, CmbSize,
   |     ^^^^^^^^^^^^^
^^^^^^^^^^^  ^^^^^^^^^
^^  ^^^^^^^

warning: unused import
s: `IdentifyCns`, `Lba
Format`, `PowerStateDe
scriptor`, and `Relati
vePerformance`
  --> kernel\src\io\nv
me\mod.rs:76:44
   |
76 |     IdentifyContr
oller, IdentifyNamespa
ce, PowerStateDescript
or,
   |                  
                      
    ^^^^^^^^^^^^^^^^^^
^^
77 |     LbaFormat, Re
lativePerformance, Ide
ntifyCns,
   |     ^^^^^^^^^  ^^
^^^^^^^^^^^^^^^^^  ^^^
^^^^^^^^

warning: unused import
: `error::NvmeError`
  --> kernel\src\io\nv
me\mod.rs:83:9
   |
83 | pub use error::Nv
meError;
   |         ^^^^^^^^^
^^^^^^^

warning: unused import
: `NvmeDriverStats`
  --> kernel\src\io\nv
me\mod.rs:84:45
   |
84 | pub use polling_d
river::{NvmePollingDri
ver, NvmeDriverStats};
   |                  
                      
     ^^^^^^^^^^^^^^^

warning: unused import
s: `PendingRequests`, 
`ReadFuture`, and `Wri
teFuture`
  --> kernel\src\io\nv
me\mod.rs:85:52
   |
85 | pub use async_io:
:{AsyncIoRequest, IoRe
questState, PendingReq
uests, ReadFuture, Wri
teFuture};
   |                  
                      
            ^^^^^^^^^^
^^^^^  ^^^^^^^^^^  ^^^
^^^^^^^^

warning: unused import
s: `get_stats`, `with_
driver_mut`, and `with
_driver`
  --> kernel\src\io\nv
me\mod.rs:86:64
   |
86 | pub use global::{
init as init_nvme_poll
ing, poll as nvme_poll
, get_stats, with_driv
er, with_driver_mut};
   |                  
                      
                      
  ^^^^^^^^^  ^^^^^^^^^
^^  ^^^^^^^^^^^^^^^

warning: unused import
s: `NvmePollHandler` a
nd `register_with_io_s
cheduler`
  --> kernel\src\io\nv
me\mod.rs:87:21
   |
87 | pub use scheduler
::{NvmePollHandler, re
gister_with_io_schedul
er};
   |                  
   ^^^^^^^^^^^^^^^  ^^
^^^^^^^^^^^^^^^^^^^^^^
^^

warning: unnecessary p
arentheses around assi
gned value
   --> kernel\src\io\p
ci\bus.rs:394:43
    |
394 | ...             
      let size_64 = ((
high_size << 32) | ((s
ize_mask & !0x0F) as u
64));
    |                 
                    ^ 
                      
                      
   ^
    |
help: remove these par
entheses
    |
394 -                 
            let size_6
4 = ((high_size << 32)
 | ((size_mask & !0x0F
) as u64));
394 +                 
            let size_6
4 = (high_size << 32) 
| ((size_mask & !0x0F)
 as u64);
    |

warning: unused import
s: `AerCapability`, `A
erController`, `Correc
tableErrors`, `HotPlug
Controller`, `HotPlugE
vent`, `PCIE_CONFIG_SI
ZE`, `PCIE_EXT_CAP_STA
RT`, `PcieBdf`, `PcieC
onfig`, `PcieError`, `
PcieExtDevice`, `PcieE
xtManager`, `PcieMsixC
ontroller`, `PcieMsixT
ableEntry`, `PciePower
Manager`, `PciePowerSt
ate`, `PcieResult`, `S
riovCapability`, `Srio
vController`, `Uncorre
ctableErrors`, `cap_id
`, `ext_cap_id`, `init
_pcie_ext`, `pcie_ext_
config`, and `pcie_ext
_manager`
  --> kernel\src\io\pc
i\mod.rs:46:5
   |
46 |     cap_id, ext_c
ap_id,
   |     ^^^^^^  ^^^^^
^^^^^
47 |     PCIE_CONFIG_S
IZE, PCIE_EXT_CAP_STAR
T,
   |     ^^^^^^^^^^^^^
^^^  ^^^^^^^^^^^^^^^^^
^
48 |     // 繧ｨ繝ｩ繝ｼ蝙・49
 |     PcieError, Pcie
Result,
   |     ^^^^^^^^^  ^^
^^^^^^^^
50 |     // BDF
51 |     PcieBdf,
   |     ^^^^^^^
52 |     // 繧ｳ繝ｳ繝輔ぅ繧ｰ繧
｢繧ｯ繧ｻ繧ｹ
53 |     PcieConfig,
   |     ^^^^^^^^^^
54 |     // SR-IOV
55 |     SriovCapabili
ty, SriovController,
   |     ^^^^^^^^^^^^^
^^  ^^^^^^^^^^^^^^^
56 |     // AER
57 |     CorrectableEr
rors, UncorrectableErr
ors, AerCapability, Ae
rController,
   |     ^^^^^^^^^^^^^
^^^^  ^^^^^^^^^^^^^^^^
^^^  ^^^^^^^^^^^^^  ^^
^^^^^^^^^^^
58 |     // 髮ｻ貅千ｮ｡逅・59
 |     PciePowerState,
 PciePowerManager,
   |     ^^^^^^^^^^^^^
^  ^^^^^^^^^^^^^^^^
60 |     // MSI-X諡｡蠑ｵ
61 |     PcieMsixTable
Entry, PcieMsixControl
ler,
   |     ^^^^^^^^^^^^^
^^^^^  ^^^^^^^^^^^^^^^
^^^
62 |     // 繝帙ャ繝医・繝ｩ繧ｰ
63 |     HotPlugEvent,
 HotPlugController,
   |     ^^^^^^^^^^^^ 
 ^^^^^^^^^^^^^^^^^
64 |     // 繝槭ロ繝ｼ繧ｸ繝｣
65 |     PcieExtDevice
, PcieExtManager,
   |     ^^^^^^^^^^^^^
  ^^^^^^^^^^^^^^
66 |     // 蛻晄悄蛹・67 | 
    init_pcie_ext, pci
e_ext_manager, pcie_ex
t_config,
   |     ^^^^^^^^^^^^^
  ^^^^^^^^^^^^^^^^  ^^
^^^^^^^^^^^^^

warning: unused import
s: `C_PORT_CONNECTION`
, `C_PORT_RESET`, `POR
T_POWER`, and `PORT_RE
SET`
  --> kernel\src\io\us
b\class\hub\device.rs:
23:5
   |
23 |     C_PORT_CONNEC
TION, C_PORT_RESET, PO
RT_POWER, PORT_RESET,
   |     ^^^^^^^^^^^^^
^^^^  ^^^^^^^^^^^^  ^^
^^^^^^^^  ^^^^^^^^^^

warning: unused import
s: `BH_PORT_RESET`, `C
_BH_PORT_RESET`, `C_PO
RT_CONFIG_ERROR`, `C_P
ORT_CONNECTION`, `C_PO
RT_ENABLE`, `C_PORT_LI
NK_STATE`, `C_PORT_OVE
R_CURRENT`, `C_PORT_RE
SET`, `C_PORT_SUSPEND`
, `DeviceSpeed`, `FORC
E_LINKPM_ACCEPT`, `HUB
_CLASS`, `HUB_CLEAR_FE
ATURE`, `HUB_CLEAR_TT_
BUFFER`, `HUB_C_HUB_LO
CAL_POWER`, `HUB_C_HUB
_OVER_CURRENT`, `HUB_D
ESCRIPTOR_TYPE_20`, `H
UB_DESCRIPTOR_TYPE_30`
, `HUB_GET_DESCRIPTOR`
, `HUB_GET_PORT_ERR_CO
UNT`, `HUB_GET_STATUS`
, `HUB_GET_TT_STATE`, 
`HUB_PROTOCOL_FS`, `HU
B_PROTOCOL_HS_MULTI_TT
`, `HUB_PROTOCOL_HS_SI
NGLE_TT`, `HUB_PROTOCO
L_SS`, `HUB_RESET_TT`,
 `HUB_SET_DESCRIPTOR`,
 `HUB_SET_FEATURE`, `H
UB_SET_HUB_DEPTH`, `HU
B_STOP_TT`, `HUB_SUBCL
ASS`, `PORT_CONNECTION
`, `PORT_ENABLE`, `POR
T_HIGH_SPEED`, `PORT_I
NDICATOR`, `PORT_LINK_
STATE`, `PORT_LOW_SPEE
D`, `PORT_OVER_CURRENT
`, `PORT_POWER`, `PORT
_REMOTE_WAKE_MASK`, `P
ORT_RESET`, `PORT_SUSP
END`, and `PORT_TEST`
  --> kernel\src\io\us
b\class\hub\mod.rs:26:
5
   |
26 |     HUB_CLASS, HU
B_SUBCLASS,
   |     ^^^^^^^^^  ^^
^^^^^^^^^^
27 |     HUB_PROTOCOL_
FS, HUB_PROTOCOL_HS_SI
NGLE_TT, HUB_PROTOCOL_
HS_MULTI_TT, HUB_PROTO
COL_SS,
   |     ^^^^^^^^^^^^^
^^  ^^^^^^^^^^^^^^^^^^
^^^^^^^  ^^^^^^^^^^^^^
^^^^^^^^^^^  ^^^^^^^^^
^^^^^^
28 |     HUB_GET_STATU
S, HUB_CLEAR_FEATURE, 
HUB_SET_FEATURE, HUB_G
ET_DESCRIPTOR,
   |     ^^^^^^^^^^^^^
^  ^^^^^^^^^^^^^^^^^  
^^^^^^^^^^^^^^^  ^^^^^
^^^^^^^^^^^^^
29 |     HUB_SET_DESCR
IPTOR, HUB_CLEAR_TT_BU
FFER, HUB_RESET_TT, HU
B_GET_TT_STATE,
   |     ^^^^^^^^^^^^^
^^^^^  ^^^^^^^^^^^^^^^
^^^^  ^^^^^^^^^^^^  ^^
^^^^^^^^^^^^^^
30 |     HUB_STOP_TT, 
HUB_SET_HUB_DEPTH, HUB
_GET_PORT_ERR_COUNT,
   |     ^^^^^^^^^^^  
^^^^^^^^^^^^^^^^^  ^^^
^^^^^^^^^^^^^^^^^^^
31 |     HUB_C_HUB_LOC
AL_POWER, HUB_C_HUB_OV
ER_CURRENT,
   |     ^^^^^^^^^^^^^
^^^^^^^^  ^^^^^^^^^^^^
^^^^^^^^^^
32 |     PORT_CONNECTI
ON, PORT_ENABLE, PORT_
SUSPEND, PORT_OVER_CUR
RENT, PORT_RESET,
   |     ^^^^^^^^^^^^^
^^  ^^^^^^^^^^^  ^^^^^
^^^^^^^  ^^^^^^^^^^^^^
^^^^  ^^^^^^^^^^
33 |     PORT_LINK_STA
TE, PORT_POWER, PORT_L
OW_SPEED, PORT_HIGH_SP
EED, PORT_TEST,
   |     ^^^^^^^^^^^^^
^^  ^^^^^^^^^^  ^^^^^^
^^^^^^^^  ^^^^^^^^^^^^
^^^  ^^^^^^^^^
34 |     PORT_INDICATO
R, PORT_REMOTE_WAKE_MA
SK, BH_PORT_RESET, FOR
CE_LINKPM_ACCEPT,
   |     ^^^^^^^^^^^^^
^  ^^^^^^^^^^^^^^^^^^^
^^  ^^^^^^^^^^^^^  ^^^
^^^^^^^^^^^^^^^^
35 |     C_PORT_CONNEC
TION, C_PORT_ENABLE, C
_PORT_SUSPEND, C_PORT_
OVER_CURRENT,
   |     ^^^^^^^^^^^^^
^^^^  ^^^^^^^^^^^^^  ^
^^^^^^^^^^^^^  ^^^^^^^
^^^^^^^^^^^^
36 |     C_PORT_RESET,
 C_BH_PORT_RESET, C_PO
RT_LINK_STATE, C_PORT_
CONFIG_ERROR,
   |     ^^^^^^^^^^^^ 
 ^^^^^^^^^^^^^^^  ^^^^
^^^^^^^^^^^^^  ^^^^^^^
^^^^^^^^^^^^
37 |     HUB_DESCRIPTO
R_TYPE_20, HUB_DESCRIP
TOR_TYPE_30,
   |     ^^^^^^^^^^^^^
^^^^^^^^^  ^^^^^^^^^^^
^^^^^^^^^^^
38 |     HubSpeed, Hub
Descriptor, HubCharact
eristics, DeviceSpeed,
 HubPortStatus,
   |                  
                      
          ^^^^^^^^^^^

warning: unused import
: `AttachedDevice`
  --> kernel\src\io\us
b\class\hub\mod.rs:42:
29
   |
42 | pub use device::{
HubDevice, AttachedDev
ice};
   |                  
           ^^^^^^^^^^^
^^^

warning: unused import
s: `HubEnumerationStat
e`, `HubEnumerator`, a
nd `HubEvent`
  --> kernel\src\io\us
b\class\hub\mod.rs:45:
18
   |
45 | pub use events::{
HubEvent, HubEnumerati
onState, HubEnumerator
};
   |                  
^^^^^^^^  ^^^^^^^^^^^^
^^^^^^^  ^^^^^^^^^^^^^

warning: unused import
s: `ChildDevice`, `Enu
meratedDevice`, `Enume
rationTask`, `HubEnume
rationError`, `HubTree
Node`, `MAX_HUB_DEPTH`
, `RecursiveHubEnumera
tor`, and `hub_enumera
tor`
  --> kernel\src\io\us
b\class\hub\mod.rs:49:
5
   |
49 |     MAX_HUB_DEPTH
,
   |     ^^^^^^^^^^^^^
50 |     HubTreeNode, 
ChildDevice, Recursive
HubEnumerator,
   |     ^^^^^^^^^^^  
^^^^^^^^^^^  ^^^^^^^^^
^^^^^^^^^^^^^
51 |     EnumerationTa
sk, EnumeratedDevice, 
HubEnumerationError,
   |     ^^^^^^^^^^^^^
^^  ^^^^^^^^^^^^^^^^  
^^^^^^^^^^^^^^^^^^^
52 |     hub_enumerato
r,
   |     ^^^^^^^^^^^^^
^

warning: unused import
: `alloc::boxed::Box`
  --> kernel\src\io\us
b\class\msc.rs:21:5
   |
21 | use alloc::boxed:
:Box;
   |     ^^^^^^^^^^^^^
^^^^

warning: unused import
: `alloc::vec`
  --> kernel\src\io\us
b\class\msc.rs:23:5
   |
23 | use alloc::vec;
   |     ^^^^^^^^^^

warning: unused import
: `alloc::vec::Vec`
  --> kernel\src\io\us
b\class\msc.rs:24:5
   |
24 | use alloc::vec::V
ec;
   |     ^^^^^^^^^^^^^
^^

warning: unused import
s: `HidDevice`, `HidPr
otocol`, `HidReport`, 
`HidSubclass`, `UsbKey
board`, and `UsbMouse`
  --> kernel\src\io\us
b\class\mod.rs:28:15
   |
28 | pub use hid::{Hid
Device, HidProtocol, H
idReport, HidSubclass,
 UsbKeyboard, UsbMouse
};
   |               ^^^
^^^^^^  ^^^^^^^^^^^  ^
^^^^^^^^  ^^^^^^^^^^^ 
 ^^^^^^^^^^^  ^^^^^^^^

warning: unused import
s: `HubCharacteristics
`, `HubDescriptor`, `H
ubDevice`, `HubPortSta
tus`, and `HubSpeed`
  --> kernel\src\io\us
b\class\mod.rs:29:15
   |
29 | pub use hub::{Hub
Characteristics, HubDe
scriptor, HubDevice, H
ubPortStatus, HubSpeed
};
   |               ^^^
^^^^^^^^^^^^^^^  ^^^^^
^^^^^^^^  ^^^^^^^^^  ^
^^^^^^^^^^^^  ^^^^^^^^

warning: unused import
s: `MscDevice`, `MscPr
otocol`, `MscSubclass`
, `ScsiCommand`, and `
ScsiSense`
  --> kernel\src\io\us
b\class\mod.rs:30:15
   |
30 | pub use msc::{Msc
Device, MscProtocol, M
scSubclass, ScsiComman
d, ScsiSense};
   |               ^^^
^^^^^^  ^^^^^^^^^^^  ^
^^^^^^^^^^  ^^^^^^^^^^
^  ^^^^^^^^^

warning: unused import
: `alloc::sync::Arc`
  --> kernel\src\io\us
b\xhci\controller.rs:1
6:5
   |
16 | use alloc::sync::
Arc;
   |     ^^^^^^^^^^^^^
^^^

warning: unused import
: `PAGESIZE`
  --> kernel\src\io\us
b\xhci\controller.rs:2
8:36
   |
28 |     IR0, MAX_ENDP
OINTS, MAX_SLOTS, PAGE
SIZE, PORTSC_BASE, POR
TSC_CCS, PORTSC_CHANGE
_MASK,
   |                  
                  ^^^^
^^^^

warning: unused import
: `alloc::vec::Vec`
  --> kernel\src\io\us
b\xhci\device.rs:17:5
   |
17 | use alloc::vec::V
ec;
   |     ^^^^^^^^^^^^^
^^

warning: unused import
s: `AtomicU32`, `Atomi
cU8`, and `Ordering`
  --> kernel\src\io\us
b\xhci\port_manager.rs
:13:26
   |
13 | use core::sync::a
tomic::{AtomicU32, Ato
micU8, Ordering};
   |                  
        ^^^^^^^^^  ^^^
^^^^^  ^^^^^^^^

warning: unused import
s: `AtomicBool`, `Atom
icU16`, and `Ordering`
  --> kernel\src\io\us
b\xhci\ring_manager.rs
:16:26
   |
16 | use core::sync::a
tomic::{AtomicBool, At
omicU16, Ordering};
   |                  
        ^^^^^^^^^^  ^^
^^^^^^^  ^^^^^^^^

warning: unused import
: `CompletionCode`
  --> kernel\src\io\us
b\xhci\ring_manager.rs
:19:41
   |
19 | use super::trb::{
Trb, TrbRing, TrbType,
 CompletionCode, ErstE
ntry};
   |                  
                      
 ^^^^^^^^^^^^^^

warning: unused import
s: `CommandApi`, `Comm
andBuilder as CmdBuild
er`, `CommandExecutor`
, and `CommandFuture`
  --> kernel\src\io\us
b\xhci\mod.rs:47:19
   |
47 | pub use command::
{CommandApi, CommandBu
ilder as CmdBuilder, C
ommandExecutor, Comman
dFuture};
   |                  
 ^^^^^^^^^^  ^^^^^^^^^
^^^^^^^^^^^^^^^^^^^  ^
^^^^^^^^^^^^^^  ^^^^^^
^^^^^^^

warning: unused import
s: `DeviceContext`, `E
ndpointContext`, `Inpu
tContext`, `InputContr
olContext`, and `SlotC
ontext`
  --> kernel\src\io\us
b\xhci\mod.rs:48:19
   |
48 | pub use context::
{DeviceContext, Endpoi
ntContext, InputContex
t, InputControlContext
, SlotContext};
   |                  
 ^^^^^^^^^^^^^  ^^^^^^
^^^^^^^^^  ^^^^^^^^^^^
^  ^^^^^^^^^^^^^^^^^^^
  ^^^^^^^^^^^

warning: unused import
: `device::XhciDevice`
  --> kernel\src\io\us
b\xhci\mod.rs:50:9
   |
50 | pub use device::X
hciDevice;
   |         ^^^^^^^^^
^^^^^^^^^

warning: unused import
s: `DoorbellBatch`, `D
oorbellCoordinator`, `
DoorbellTarget`, `Stre
amId`, and `XhciDoorbe
llManager`
  --> kernel\src\io\us
b\xhci\mod.rs:51:28
   |
51 | pub use doorbell_
manager::{DoorbellBatc
h, DoorbellCoordinator
, DoorbellTarget, Stre
amId, XhciDoorbellMana
ger};
   |                  
          ^^^^^^^^^^^^
^  ^^^^^^^^^^^^^^^^^^^
  ^^^^^^^^^^^^^^  ^^^^
^^^^  ^^^^^^^^^^^^^^^^
^^^

warning: unused import
s: `CommandCompletionE
vent`, `DeviceNotifica
tionEvent`, `EventHand
ler`, `PortStatusChang
eEvent`, `ProcessedEve
nt`, and `TransferEven
t`
  --> kernel\src\io\us
b\xhci\mod.rs:52:25
   |
52 | pub use event_han
dler::{CommandCompleti
onEvent, DeviceNotific
ationEvent, EventHandl
er, PortStatusChangeEv
ent, ProcessedEvent, T
ransferEvent};
   |                  
       ^^^^^^^^^^^^^^^
^^^^^^^  ^^^^^^^^^^^^^
^^^^^^^^^^  ^^^^^^^^^^
^^  ^^^^^^^^^^^^^^^^^^
^^^  ^^^^^^^^^^^^^^  ^
^^^^^^^^^^^^

warning: unused import
s: `XhciCapabilities` 
and `XhciInitContext`
  --> kernel\src\io\us
b\xhci\mod.rs:53:26
   |
53 | pub use initializ
ation::{XhciCapabiliti
es, XhciInitContext};
   |                  
        ^^^^^^^^^^^^^^
^^  ^^^^^^^^^^^^^^^

warning: unused import
s: `PortChangeEvent`, 
`PortError`, `PortInfo
`, `PortLinkState`, `P
ortProtocol`, `PortSpe
ed`, `PortState`, and 
`XhciPortManager`
  --> kernel\src\io\us
b\xhci\mod.rs:54:24
   |
54 | pub use port_mana
ger::{PortChangeEvent,
 PortError, PortInfo, 
PortLinkState, PortPro
tocol, PortSpeed, Port
State, XhciPortManager
};
   |                  
      ^^^^^^^^^^^^^^^ 
 ^^^^^^^^^  ^^^^^^^^  
^^^^^^^^^^^^^  ^^^^^^^
^^^^^  ^^^^^^^^^  ^^^^
^^^^^  ^^^^^^^^^^^^^^^

warning: unused import
s: `CommandBuilder`, `
ManagedRing`, `RingTyp
e`, `TransferBuilder`,
 and `XhciRingManager`
  --> kernel\src\io\us
b\xhci\mod.rs:55:24
   |
55 | pub use ring_mana
ger::{CommandBuilder, 
ManagedRing, RingType,
 TransferBuilder, Xhci
RingManager};
   |                  
      ^^^^^^^^^^^^^^  
^^^^^^^^^^^  ^^^^^^^^ 
 ^^^^^^^^^^^^^^^  ^^^^
^^^^^^^^^^^

warning: unused import
s: `CompletionCode`, `
ErstEntry`, `TrbRing`,
 `TrbType`, and `Trb`
  --> kernel\src\io\us
b\xhci\mod.rs:56:15
   |
56 | pub use trb::{Com
pletionCode, ErstEntry
, Trb, TrbRing, TrbTyp
e};
   |               ^^^
^^^^^^^^^^^  ^^^^^^^^^
  ^^^  ^^^^^^^  ^^^^^^
^

warning: unused import
: `AtomicU32`
  --> kernel\src\io\vi
rtio\core.rs:14:37
   |
14 | use core::sync::a
tomic::{AtomicU16, Ato
micU32, AtomicU64, Ord
ering};
   |                  
                   ^^^
^^^^^^

warning: unused import
: `alloc::boxed::Box`
  --> kernel\src\io\vi
rtio\transport.rs:22:5
   |
22 | use alloc::boxed:
:Box;
   |     ^^^^^^^^^^^^^
^^^^

warning: unused import
: `alloc::vec::Vec`
  --> kernel\src\io\vi
rtio\transport.rs:23:5
   |
23 | use alloc::vec::V
ec;
   |     ^^^^^^^^^^^^^
^^

warning: unused import
: `core::ptr::NonNull`
  --> kernel\src\io\vi
rtio\transport.rs:24:5
   |
24 | use core::ptr::No
nNull;
   |     ^^^^^^^^^^^^^
^^^^^

warning: unused import
: `alloc::sync::Arc`
  --> kernel\src\io\vi
rtio\net.rs:10:5
   |
10 | use alloc::sync::
Arc;
   |     ^^^^^^^^^^^^^
^^^

warning: unused import
s: `TransportError`, `
TransportResult`, `Tra
nsportType`, `VirtioDe
viceInit`, `VirtioMmio
Transport`, and `Virti
oPciTransport`
  --> kernel\src\io\vi
rtio\mod.rs:32:5
   |
32 |     VirtioMmioTra
nsport,
   |     ^^^^^^^^^^^^^
^^^^^^
33 |     VirtioPciTran
sport,
   |     ^^^^^^^^^^^^^
^^^^^
34 |     TransportType
,
   |     ^^^^^^^^^^^^^
35 |     TransportErro
r,
   |     ^^^^^^^^^^^^^
^
36 |     TransportResu
lt,
   |     ^^^^^^^^^^^^^
^^
37 |     VirtioDeviceI
nit,
   |     ^^^^^^^^^^^^^
^^^

warning: unused import
s: `TypeHashError`, `T
ypeHash`, and `TypeIdH
ash`
  --> kernel\src\ipc\m
od.rs:20:5
   |
20 |     TypeIdHash, T
ypeHash, TypeHashError
,
   |     ^^^^^^^^^^  ^
^^^^^^^  ^^^^^^^^^^^^^

warning: unused import
: `crate::interrupts::
gdt`
   --> kernel\src\pani
c_handler.rs:292:9
    |
292 |     use crate::i
nterrupts::gdt;
    |         ^^^^^^^^
^^^^^^^^^^^^^^

warning: unused import
: `display::format_siz
e`
  --> kernel\src\shell
\exoshell\mod.rs:40:9
   |
40 | pub use display::
format_size;
   |         ^^^^^^^^^
^^^^^^^^^^^

warning: unused import
s: `ChainParser`, `Clo
sureCondition`, `Closu
reExpr`, `LogicalOp`, 
`MethodCall`, `ParseEr
ror`, `Token`, and `To
kenizer`
  --> kernel\src\shell
\exoshell\mod.rs:41:18
   |
41 | pub use parser::{
ParseError, LogicalOp,
 ClosureCondition, Clo
sureExpr, Token, Token
izer, MethodCall, Chai
nParser};
   |                  
^^^^^^^^^^  ^^^^^^^^^ 
 ^^^^^^^^^^^^^^^^  ^^^
^^^^^^^^  ^^^^^  ^^^^^
^^^^  ^^^^^^^^^^  ^^^^
^^^^^^^

warning: unused import
: `poll_mouse_event`
  --> kernel\src\shell
\graphical\shell.rs:15
:40
   |
15 | use crate::io::hi
d::{poll_input_event, 
poll_mouse_event};
   |                  
                      
^^^^^^^^^^^^^^^^

warning: unused import
: `super::types::Conso
leLine`
  --> kernel\src\shell
\graphical\render.rs:1
5:5
   |
15 | use super::types:
:ConsoleLine;
   |     ^^^^^^^^^^^^^
^^^^^^^^^^^^

warning: unused import
s: `CURSOR_BLINK_MS`, 
`ConsoleLine`, `FONT_H
EIGHT`, `FONT_WIDTH`, 
`LineBuffer`, `MAX_HIS
TORY`, `MAX_LINE_LENGT
H`, `MouseState`, `SCR
OLLBACK_LINES`, and `S
hellTheme`
  --> kernel\src\shell
\graphical\mod.rs:26:5
   |
26 |     ShellTheme, L
ineBuffer, ConsoleLine
, MouseState,
   |     ^^^^^^^^^^  ^
^^^^^^^^^  ^^^^^^^^^^^
  ^^^^^^^^^^
27 |     MAX_HISTORY, 
MAX_LINE_LENGTH, SCROL
LBACK_LINES, CURSOR_BL
INK_MS,
   |     ^^^^^^^^^^^  
^^^^^^^^^^^^^^^  ^^^^^
^^^^^^^^^^^  ^^^^^^^^^
^^^^^^
28 |     FONT_WIDTH, F
ONT_HEIGHT,
   |     ^^^^^^^^^^  ^
^^^^^^^^^^

warning: unused import
s: `poll`, `print_colo
red`, `print`, `submit
_command`, and `with_s
hell`
  --> kernel\src\shell
\graphical\mod.rs:36:1
8
   |
36 |     init, start, 
with_shell, poll,
   |                  
^^^^^^^^^^  ^^^^
37 |     submit_comman
d, run_async_shell,
   |     ^^^^^^^^^^^^^
^
38 |     print, print_
colored,
   |     ^^^^^  ^^^^^^
^^^^^^^

warning: unused import
s: `CapOperation`, `Ca
pability`, `ExoShell`,
 and `ExoValue`
  --> kernel\src\shell
\mod.rs:31:20
   |
31 | pub use exoshell:
:{ExoShell, ExoValue, 
Capability, CapOperati
on};
   |                  
  ^^^^^^^^  ^^^^^^^^  
^^^^^^^^^^  ^^^^^^^^^^
^^

warning: unused import
: `graphical::Graphica
lShell`
  --> kernel\src\shell
\mod.rs:34:9
   |
34 | pub use graphical
::GraphicalShell;
   |         ^^^^^^^^^
^^^^^^^^^^^^^^^^

warning: unexpected `c
fg` condition value: `
std`
  --> kernel\src\sync\
lockfree.rs:75:19
   |
75 |             #[cfg
(feature = "std")]
   |                  
 ^^^^^^^^^^^^^^^
   |
   = note: expected va
lues for `feature` are
: `default`, `require_
signatures`, `serial`,
 `stats`, `uart_16550`
, and `verbose_logging
`
   = help: consider ad
ding `std` as a featur
e in `Cargo.toml`
   = note: see <https:
//doc.rust-lang.org/ni
ghtly/rustc/check-cfg/
cargo-specifics.html> 
for more information a
bout checking conditio
nal configuration

warning: unexpected `c
fg` condition value: `
gimli_unwind`
  --> kernel\src\unwin
d\mod.rs:45:7
   |
45 | #[cfg(feature = "
gimli_unwind")]
   |       ^^^^^^^^^^^
^^^^^^^^^^^^^
   |
   = note: expected va
lues for `feature` are
: `default`, `require_
signatures`, `serial`,
 `stats`, `uart_16550`
, and `verbose_logging
`
   = help: consider ad
ding `gimli_unwind` as
 a feature in `Cargo.t
oml`
   = note: see <https:
//doc.rust-lang.org/ni
ghtly/rustc/check-cfg/
cargo-specifics.html> 
for more information a
bout checking conditio
nal configuration

warning: unexpected `c
fg` condition value: `
gimli_unwind`
  --> kernel\src\unwin
d\mod.rs:62:7
   |
62 | #[cfg(feature = "
gimli_unwind")]
   |       ^^^^^^^^^^^
^^^^^^^^^^^^^
   |
   = note: expected va
lues for `feature` are
: `default`, `require_
signatures`, `serial`,
 `stats`, `uart_16550`
, and `verbose_logging
`
   = help: consider ad
ding `gimli_unwind` as
 a feature in `Cargo.t
oml`
   = note: see <https:
//doc.rust-lang.org/ni
ghtly/rustc/check-cfg/
cargo-specifics.html> 
for more information a
bout checking conditio
nal configuration

warning: unused doc co
mment
   --> kernel\src\unwi
nd\mod.rs:309:1
    |
309 |   /// .eh_frame繧
ｻ繧ｯ繧ｷ繝ｧ繝ｳ蠅・阜・医Μ繝ｳ繧ｫ繧ｹ繧
ｯ繝ｪ繝励ヨ縺ｧ螳夂ｾｩ・・    |   
^^^^^^^^^^^^^^^^^^^^^^
^^^^^^^^^^^^^^^^^^^^^^
^^^^^^^^^
310 |   #[allow(improp
er_ctypes)]
311 | / unsafe extern 
"C" {
312 | |     #[link_nam
e = "__eh_frame_start"
]
313 | |     static EH_
FRAME_START: u8;
314 | |     #[link_nam
e = "__eh_frame_end"]
315 | |     static EH_
FRAME_END: u8;
316 | | }
    | |_- rustdoc does
 not generate document
ation for extern block
s
    |
    = help: use `//` f
or a plain comment
    = note: `#[warn(un
used_doc_comments)]` (
part of `#[warn(unused
)]`) on by default

warning: unexpected `c
fg` condition value: `
force_vga`
   --> kernel\src\vga.
rs:147:15
    |
147 |     #[cfg(not(fe
ature = "force_vga"))]
    |               ^^
^^^^^^^^^^^^^^^^^^^
    |
    = note: expected v
alues for `feature` ar
e: `default`, `require
_signatures`, `serial`
, `stats`, `uart_16550
`, and `verbose_loggin
g`
    = help: consider a
dding `force_vga` as a
 feature in `Cargo.tom
l`
    = note: see <https
://doc.rust-lang.org/n
ightly/rustc/check-cfg
/cargo-specifics.html>
 for more information 
about checking conditi
onal configuration

warning: unexpected `c
fg` condition value: `
force_vga`
   --> kernel\src\vga.
rs:154:11
    |
154 |     #[cfg(featur
e = "force_vga")]
    |           ^^^^^^
^^^^^^^^^^^^^^^
    |
    = note: expected v
alues for `feature` ar
e: `default`, `require
_signatures`, `serial`
, `stats`, `uart_16550
`, and `verbose_loggin
g`
    = help: consider a
dding `force_vga` as a
 feature in `Cargo.tom
l`
    = note: see <https
://doc.rust-lang.org/n
ightly/rustc/check-cfg
/cargo-specifics.html>
 for more information 
about checking conditi
onal configuration

warning: unused import
: `CompletionCallback`
  --> kernel\src\appli
cation\terminal\mod.rs
:51:21
   |
51 | pub use completer
::{CompletionCallback,
 TabCompleter};
   |                  
   ^^^^^^^^^^^^^^^^^^

warning: unused import
: `constants::*`
  --> kernel\src\appli
cation\terminal\mod.rs
:52:9
   |
52 | pub use constants
::*;
   |         ^^^^^^^^^
^^^

warning: unused import
: `font::get_char_bitm
ap_8x16`
  --> kernel\src\appli
cation\terminal\mod.rs
:53:9
   |
53 | pub use font::get
_char_bitmap_8x16;
   |         ^^^^^^^^^
^^^^^^^^^^^^^^^^^

warning: unexpected `c
fg` condition value: `
timer`
   --> kernel\src\appl
ication\editor\editor_
core.rs:655:15
    |
655 |         #[cfg(fe
ature = "timer")]
    |               ^^
^^^^^^^^^^^^^^^
    |
    = note: expected v
alues for `feature` ar
e: `default`, `require
_signatures`, `serial`
, `stats`, `uart_16550
`, and `verbose_loggin
g`
    = help: consider a
dding `timer` as a fea
ture in `Cargo.toml`
    = note: see <https
://doc.rust-lang.org/n
ightly/rustc/check-cfg
/cargo-specifics.html>
 for more information 
about checking conditi
onal configuration

warning: unused import
: `constants::*`
  --> kernel\src\appli
cation\editor\mod.rs:2
8:9
   |
28 | pub use constants
::*;
   |         ^^^^^^^^^
^^^

warning: unused import
: `rope::RopeNode`
  --> kernel\src\appli
cation\editor\mod.rs:2
9:9
   |
29 | pub use rope::Rop
eNode;
   |         ^^^^^^^^^
^^^^^

warning: unused import
s: `RUST_KEYWORDS`, `R
UST_TYPES`, `TokenType
`, and `Token`
  --> kernel\src\appli
cation\editor\mod.rs:3
2:37
   |
32 | pub use syntax::{
SyntaxHighlighter, Tok
en, TokenType, RUST_KE
YWORDS, RUST_TYPES};
   |                  
                   ^^^
^^  ^^^^^^^^^  ^^^^^^^
^^^^^^  ^^^^^^^^^^

warning: unused import
s: `EditorMode` and `T
oolbarButton`
  --> kernel\src\appli
cation\editor\mod.rs:3
3:17
   |
33 | pub use types::{E
ditorMode, ToolbarButt
on};
   |                 ^
^^^^^^^^^  ^^^^^^^^^^^
^^

warning: unused import
: `font::get_char_bitm
ap`
  --> kernel\src\appli
cation\editor\mod.rs:3
5:9
   |
35 | pub use font::get
_char_bitmap;
   |         ^^^^^^^^^
^^^^^^^^^^^^

warning: unused import
: `alloc::string::Stri
ng`
  --> kernel\src\appli
cation\games\minesweep
er.rs:20:5
   |
20 | use alloc::string
::String;
   |     ^^^^^^^^^^^^^
^^^^^^^^

warning: unused import
: `Rect`
  --> kernel\src\appli
cation\games\minesweep
er.rs:24:44
   |
24 | use crate::graphi
cs::{Color, image::Ima
ge, Rect};
   |                  
                      
    ^^^^

warning: unused import
: `alloc::string::Stri
ng`
  --> kernel\src\appli
cation\games\breakout\
render.rs:10:5
   |
10 | use alloc::string
::String;
   |     ^^^^^^^^^^^^^
^^^^^^^^

warning: unused import
s: `Ball`, `Block`, `F
IELD_HEIGHT`, `FIELD_W
IDTH`, `GameState`, `P
addle`, `PowerUpType`,
 `PowerUp`, `cos_appro
x`, `sin_approx`, and 
`sqrt_approx`
  --> kernel\src\appli
cation\games\breakout\
mod.rs:17:5
   |
17 |     GameState, Ba
ll, Paddle, Block, Pow
erUp, PowerUpType,
   |     ^^^^^^^^^  ^^
^^  ^^^^^^  ^^^^^  ^^^
^^^^  ^^^^^^^^^^^
18 |     FIELD_WIDTH, 
FIELD_HEIGHT,
   |     ^^^^^^^^^^^  
^^^^^^^^^^^^
19 |     sin_approx, c
os_approx, sqrt_approx
,
   |     ^^^^^^^^^^  ^
^^^^^^^^^  ^^^^^^^^^^^

warning: unused import
s: `CARD_HEIGHT` and `
CARD_WIDTH`
  --> kernel\src\appli
cation\games\solitaire
\render.rs:14:5
   |
14 |     CARD_WIDTH, C
ARD_HEIGHT, CARD_OVERL
AP_FACE_UP,
   |     ^^^^^^^^^^  ^
^^^^^^^^^^

warning: unused import
s: `CARD_HEIGHT`, `CAR
D_OVERLAP_FACE_DOWN`, 
`CARD_OVERLAP_FACE_UP`
, `CARD_WIDTH`, `CardL
ocation`, `Card`, `Dra
gState`, `FIELD_HEIGHT
`, `FIELD_WIDTH`, `Gam
eState`, `Rank`, `Suit
`, `cos_approx`, `sin_
approx`, and `sqrt_app
rox`
  --> kernel\src\appli
cation\games\solitaire
\mod.rs:25:5
   |
25 |     sin_approx,
   |     ^^^^^^^^^^
26 |     cos_approx,
   |     ^^^^^^^^^^
27 |     sqrt_approx,
   |     ^^^^^^^^^^^
...
30 |     CARD_WIDTH,
   |     ^^^^^^^^^^
31 |     CARD_HEIGHT,
   |     ^^^^^^^^^^^
32 |     CARD_OVERLAP_
FACE_UP,
   |     ^^^^^^^^^^^^^
^^^^^^^
33 |     CARD_OVERLAP_
FACE_DOWN,
   |     ^^^^^^^^^^^^^
^^^^^^^^^
...
36 |     FIELD_WIDTH,
   |     ^^^^^^^^^^^
37 |     FIELD_HEIGHT,
   |     ^^^^^^^^^^^^
...
40 |     Suit,
   |     ^^^^
41 |     Rank,
   |     ^^^^
42 |     Card,
   |     ^^^^
...
45 |     GameState,
   |     ^^^^^^^^^
46 |     DragState,
   |     ^^^^^^^^^
47 |     CardLocation,
   |     ^^^^^^^^^^^^

warning: unused import
: `minesweeper::Minesw
eeper`
  --> kernel\src\appli
cation\games\mod.rs:20
:9
   |
20 | pub use minesweep
er::Minesweeper;
   |         ^^^^^^^^^
^^^^^^^^^^^^^^^

warning: unused import
: `breakout::Breakout`
  --> kernel\src\appli
cation\games\mod.rs:21
:9
   |
21 | pub use breakout:
:Breakout;
   |         ^^^^^^^^^
^^^^^^^^^

warning: unused import
: `solitaire::Solitair
e`
  --> kernel\src\appli
cation\games\mod.rs:22
:9
   |
22 | pub use solitaire
::Solitaire;
   |         ^^^^^^^^^
^^^^^^^^^^^

warning: unused import
: `alloc::boxed::Box`
  --> kernel\src\appli
cation\browser\dom.rs:
11:5
   |
11 | use alloc::boxed:
:Box;
   |     ^^^^^^^^^^^^^
^^^^

warning: unused import
: `alloc::vec`
  --> kernel\src\appli
cation\browser\css.rs:
14:5
   |
14 | use alloc::vec;
   |     ^^^^^^^^^^

warning: unused import
: `alloc::boxed::Box`
  --> kernel\src\appli
cation\browser\style.r
s:11:5
   |
11 | use alloc::boxed:
:Box;
   |     ^^^^^^^^^^^^^
^^^^

warning: unused import
: `Declaration`
  --> kernel\src\appli
cation\browser\style.r
s:17:62
   |
17 | use super::css::{
Stylesheet, Rule, Sele
ctor, SimpleSelector, 
Declaration, Value, Co
lor};
   |                  
                      
                      
^^^^^^^^^^^

warning: unused import
: `alloc::boxed::Box`
  --> kernel\src\appli
cation\browser\layout.
rs:11:5
   |
11 | use alloc::boxed:
:Box;
   |     ^^^^^^^^^^^^^
^^^^

warning: unused import
s: `BoxType` and `Dime
nsions`
  --> kernel\src\appli
cation\browser\render.
rs:14:32
   |
14 | use super::layout
::{LayoutBox, BoxType,
 Rect, Dimensions};
   |                  
              ^^^^^^^ 
       ^^^^^^^^^^

warning: unused import
: `Value`
  --> kernel\src\appli
cation\browser\render.
rs:15:25
   |
15 | use super::css::{
Color, Value};
   |                  
       ^^^^^

warning: unused import
: `alloc::vec`
  --> kernel\src\appli
cation\browser\browser
.rs:13:5
   |
13 | use alloc::vec;
   |     ^^^^^^^^^^

warning: unused import
: `paint`
  --> kernel\src\appli
cation\browser\browser
.rs:24:41
   |
24 | use super::render
::{build_display_list,
 paint, DisplayList};
   |                  
                      
 ^^^^^

warning: unused import
: `alloc::vec`
  --> kernel\src\appli
cation\browser\script\
lexer.rs:13:5
   |
13 | use alloc::vec;
   |     ^^^^^^^^^^

warning: unused import
: `ErrorKind`
  --> kernel\src\appli
cation\browser\script\
lexer.rs:15:26
   |
15 | use super::{Scrip
tError, ErrorKind};
   |                  
        ^^^^^^^^^

warning: unused import
: `alloc::string::Stri
ng`
  --> kernel\src\appli
cation\browser\script\
parser\statements.rs:1
0:5
   |
10 | use alloc::string
::String;
   |     ^^^^^^^^^^^^^
^^^^^^^^

warning: unused import
: `ErrorKind`
  --> kernel\src\appli
cation\browser\script\
vm\native.rs:11:20
   |
11 | use super::super:
:{ErrorKind, ScriptErr
or};
   |                  
  ^^^^^^^^^

warning: unused import
: `frame::CallFrame`
  --> kernel\src\appli
cation\browser\script\
vm\mod.rs:30:9
   |
30 | pub use frame::Ca
llFrame;
   |         ^^^^^^^^^
^^^^^^^

warning: unused import
: `alloc::boxed::Box`
  --> kernel\src\appli
cation\browser\script\
dom_binding.rs:11:5
   |
11 | use alloc::boxed:
:Box;
   |     ^^^^^^^^^^^^^
^^^^

warning: unused import
: `alloc::boxed::Box`
  --> kernel\src\appli
cation\browser\script\
runtime.rs:12:5
   |
12 | use alloc::boxed:
:Box;
   |     ^^^^^^^^^^^^^
^^^^

warning: unused import
: `alloc::format`
  --> kernel\src\appli
cation\browser\script\
runtime.rs:16:5
   |
16 | use alloc::format
;
   |     ^^^^^^^^^^^^^

warning: unused import
: `NativeFunction`
  --> kernel\src\appli
cation\browser\script\
runtime.rs:22:33
   |
22 | use super::value:
:{ScriptValue, NativeF
unction, NativeFunctio
nId, FunctionValue};
   |                  
               ^^^^^^^
^^^^^^^

warning: unused import
: `DomOperation`
  --> kernel\src\appli
cation\browser\script\
runtime.rs:23:60
   |
23 | use super::vm::{V
irtualMachine, Instruc
tion, ConstantPool, Do
mOperation};
   |                  
                      
                    ^^
^^^^^^^^^^

warning: unused import
: `ErrorKind`
  --> kernel\src\appli
cation\browser\script\
runtime.rs:25:40
   |
25 | use super::{Scrip
tResult, ScriptError, 
ErrorKind};
   |                  
                      
^^^^^^^^^

warning: unused import
: `ScriptError`
  --> kernel\src\appli
cation\browser\script\
shell_bridge\types.rs:
17:43
   |
17 | use crate::applic
ation::browser::script
::{ScriptError, Script
Result};
   |                  
                      
   ^^^^^^^^^^^

warning: unused import
s: `AsyncCommandFuture
`, `AsyncShellCommandF
n`, `AsyncState`, `Asy
ncTask`, `ShellCommand
Fn`, `TaskId`, `ValueC
onversion`, and `conve
rsion`
  --> kernel\src\appli
cation\browser\script\
shell_bridge\mod.rs:28
:5
   |
28 |     ValueConversi
on,
   |     ^^^^^^^^^^^^^
^^
29 |     conversion,
   |     ^^^^^^^^^^
30 |     ShellCommandF
n,
   |     ^^^^^^^^^^^^^
^
31 |     AsyncCommandF
uture,
   |     ^^^^^^^^^^^^^
^^^^^
32 |     AsyncShellCom
mandFn,
   |     ^^^^^^^^^^^^^
^^^^^^
33 |     AsyncState,
   |     ^^^^^^^^^^
34 |     TaskId,
   |     ^^^^^^
35 |     AsyncTask,
   |     ^^^^^^^^^

warning: unused import
s: `AsyncExecutor` and
 `noop_waker`
  --> kernel\src\appli
cation\browser\script\
shell_bridge\mod.rs:39
:5
   |
39 |     AsyncExecutor
,
   |     ^^^^^^^^^^^^^
40 |     noop_waker,
   |     ^^^^^^^^^^

warning: unused import
s: `BUILTIN_FUNCTIONS`
, `CompletionCategory`
, `CompletionHint`, `K
EYWORDS`, `ShellComman
d`, and `generate_help
`
  --> kernel\src\appli
cation\browser\script\
shell_bridge\mod.rs:44
:5
   |
44 |     ShellCommand,
   |     ^^^^^^^^^^^^
45 |     CompletionHin
t,
   |     ^^^^^^^^^^^^^
^
46 |     CompletionCat
egory,
   |     ^^^^^^^^^^^^^
^^^^^
47 |     BUILTIN_FUNCT
IONS,
   |     ^^^^^^^^^^^^^
^^^^
48 |     KEYWORDS,
   |     ^^^^^^^^
49 |     generate_help
,
   |     ^^^^^^^^^^^^^

warning: unused import
s: `Lexer`, `TokenKind
`, and `Token`
  --> kernel\src\appli
cation\browser\script\
mod.rs:44:17
   |
44 | pub use lexer::{L
exer, Token, TokenKind
};
   |                 ^
^^^^  ^^^^^  ^^^^^^^^^

warning: unused import
: `parser::Parser`
  --> kernel\src\appli
cation\browser\script\
mod.rs:45:9
   |
45 | pub use parser::P
arser;
   |         ^^^^^^^^^
^^^^^

warning: unused import
s: `Ast`, `Expr`, and 
`Stmt`
  --> kernel\src\appli
cation\browser\script\
mod.rs:46:15
   |
46 | pub use ast::{Ast
, Expr, Stmt};
   |               ^^^
  ^^^^  ^^^^

warning: unused import
s: `ConstantPool`, `In
struction`, and `Virtu
alMachine`
  --> kernel\src\appli
cation\browser\script\
mod.rs:47:14
   |
47 | pub use vm::{Virt
ualMachine, Instructio
n, ConstantPool};
   |              ^^^^
^^^^^^^^^^  ^^^^^^^^^^
^  ^^^^^^^^^^^^

warning: unused import
: `ScriptType`
  --> kernel\src\appli
cation\browser\script\
mod.rs:48:30
   |
48 | pub use value::{S
criptValue, ScriptType
};
   |                  
            ^^^^^^^^^^

warning: unused import
: `shell_bridge::Shell
Runtime`
  --> kernel\src\appli
cation\browser\script\
mod.rs:51:9
   |
51 | pub use shell_bri
dge::ShellRuntime;
   |         ^^^^^^^^^
^^^^^^^^^^^^^^^^^

warning: unused import
: `alloc::format`
  --> kernel\src\appli
cation\browser\script\
mod.rs:54:5
   |
54 | use alloc::format
;
   |     ^^^^^^^^^^^^^

warning: unused import
s: `ElementData`, `Nod
eType`, and `Node`
  --> kernel\src\appli
cation\browser\mod.rs:
40:15
   |
40 | pub use dom::{Nod
e, NodeType, ElementDa
ta};
   |               ^^^
^  ^^^^^^^^  ^^^^^^^^^
^^

warning: unused import
: `html::HtmlParser`
  --> kernel\src\appli
cation\browser\mod.rs:
41:9
   |
41 | pub use html::Htm
lParser;
   |         ^^^^^^^^^
^^^^^^^

warning: unused import
s: `Declaration`, `Sel
ector`, `Stylesheet`, 
and `Value`
  --> kernel\src\appli
cation\browser\mod.rs:
42:15
   |
42 | pub use css::{Sty
lesheet, Selector, Dec
laration, Value};
   |               ^^^
^^^^^^^  ^^^^^^^^  ^^^
^^^^^^^^  ^^^^^

warning: unused import
s: `Display` and `Styl
edNode`
  --> kernel\src\appli
cation\browser\mod.rs:
43:17
   |
43 | pub use style::{S
tyledNode, Display};
   |                 ^
^^^^^^^^^  ^^^^^^^

warning: unused import
s: `Dimensions`, `Layo
utBox`, and `Rect as L
ayoutRect`
  --> kernel\src\appli
cation\browser\mod.rs:
44:18
   |
44 | pub use layout::{
LayoutBox, Dimensions,
 Rect as LayoutRect};
   |                  
^^^^^^^^^  ^^^^^^^^^^ 
 ^^^^^^^^^^^^^^^^^^

warning: unused import
s: `DisplayCommand` an
d `DisplayList`
  --> kernel\src\appli
cation\browser\mod.rs:
45:18
   |
45 | pub use render::{
DisplayCommand, Displa
yList};
   |                  
^^^^^^^^^^^^^^  ^^^^^^
^^^^^

warning: unused import
: `browser::Browser`
  --> kernel\src\appli
cation\browser\mod.rs:
46:9
   |
46 | pub use browser::
Browser;
   |         ^^^^^^^^^
^^^^^^^

warning: unused import
s: `RustScriptEngine`,
 `ScriptRuntime`, and 
`ScriptValue`
  --> kernel\src\appli
cation\browser\mod.rs:
47:18
   |
47 | pub use script::{
RustScriptEngine, Scri
ptRuntime, ScriptValue
};
   |                  
^^^^^^^^^^^^^^^^  ^^^^
^^^^^^^^^  ^^^^^^^^^^^

warning: unused import
s: `ProcessEntry` and 
`SystemMonitor`
  --> kernel\src\appli
cation\mod.rs:53:26
   |
53 | pub use system_mo
nitor::{SystemMonitor,
 ProcessEntry};
   |                  
        ^^^^^^^^^^^^^ 
 ^^^^^^^^^^^^

warning: unused import
s: `Cursor`, `Editor`,
 `Selection as EditorS
election`, `SpecialKey
 as EditorSpecialKey`,
 `SyntaxHighlighter`, 
and `TextBuffer`
  --> kernel\src\appli
cation\mod.rs:54:18
   |
54 | pub use editor::{
Editor, TextBuffer, Cu
rsor, Selection as Edi
torSelection, SyntaxHi
ghlighter, SpecialKey 
as EditorSpecialKey};
   |                  
^^^^^^  ^^^^^^^^^^  ^^
^^^^  ^^^^^^^^^^^^^^^^
^^^^^^^^^^^^  ^^^^^^^^
^^^^^^^^^  ^^^^^^^^^^^
^^^^^^^^^^^^^^^^^^^

warning: unused import
s: `AnsiParser`, `CLIP
BOARD`, `Cell`, `Clipb
oard`, `CommandHistory
`, `LineEditor`, `Pars
eAction`, `Selection`,
 `SpecialKey`, `TabCom
pleter`, `TerminalApp`
, `TerminalBuffer`, `T
erminalLine`, and `Ter
minal`
  --> kernel\src\appli
cation\mod.rs:56:5
   |
56 |     Terminal, Cel
l, TerminalLine, Termi
nalBuffer, 
   |     ^^^^^^^^  ^^^
^  ^^^^^^^^^^^^  ^^^^^
^^^^^^^^^
57 |     AnsiParser, P
arseAction, SpecialKey
,
   |     ^^^^^^^^^^  ^
^^^^^^^^^^  ^^^^^^^^^^
58 |     CommandHistor
y, LineEditor, Selecti
on,
   |     ^^^^^^^^^^^^^
^  ^^^^^^^^^^  ^^^^^^^
^^
59 |     TabCompleter,
 Clipboard, TerminalAp
p, CLIPBOARD,
   |     ^^^^^^^^^^^^ 
 ^^^^^^^^^  ^^^^^^^^^^
^  ^^^^^^^^^

warning: use of deprec
ated function `net::en
dpoint::socket::tcp_co
nnect`: 險ｭ險域嶌: POSIX繧ｽ
繧ｱ繝・ヨAPI繧剃ｽｿ逕ｨ縺励↑縺・Ｐp
en_tcp_connection()繧剃ｽ
ｿ逕ｨ縺励※縺上□縺輔＞
   --> kernel\src\net\
mod.rs:241:5
    |
241 |     tcp_connect,
    |     ^^^^^^^^^^^
    |
    = note: `#[warn(de
precated)]` on by defa
ult

warning: use of deprec
ated function `net::en
dpoint::socket::udp_bi
nd`: 險ｭ險域嶌: POSIX繧ｽ繧ｱ繝
・ヨAPI繧剃ｽｿ逕ｨ縺励↑縺・Ｄreat
e_udp_endpoint()繧剃ｽｿ逕ｨ
縺励※縺上□縺輔＞
   --> kernel\src\net\
mod.rs:243:5
    |
243 |     udp_bind,
    |     ^^^^^^^^

warning: use of deprec
ated function `net::en
dpoint::socket::tcp_co
nnect`: 險ｭ險域嶌: POSIX繧ｽ
繧ｱ繝・ヨAPI繧剃ｽｿ逕ｨ縺励↑縺・Ｐp
en_tcp_connection()繧剃ｽ
ｿ逕ｨ縺励※縺上□縺輔＞
  --> kernel\src\net\e
ndpoint.rs:63:24
   |
63 |     create_udp_so
cket, tcp_connect, udp
_bind,
   |                  
      ^^^^^^^^^^^

warning: use of deprec
ated function `net::en
dpoint::socket::udp_bi
nd`: 險ｭ險域嶌: POSIX繧ｽ繧ｱ繝
・ヨAPI繧剃ｽｿ逕ｨ縺励↑縺・Ｄreat
e_udp_endpoint()繧剃ｽｿ逕ｨ
縺励※縺上□縺輔＞
  --> kernel\src\net\e
ndpoint.rs:63:37
   |
63 |     create_udp_so
cket, tcp_connect, udp
_bind,
   |                  
                   ^^^
^^^^^

warning: formatting ma
y not be suitable for 
sub-register argument
    --> kernel\src\io\
dma.rs:1071:57
     |
1071 |             "mo
v eax, 7", "xor ecx, e
cx", "cpuid", "mov {},
 ebx",
     |                
                      
                   ^^
1072 |             out
(reg) result, out("eax
") _, out("ecx") _, ou
t("edx") _,
     |                
      ------ for this 
argument
     |
     = help: use `{0:e
}` to have the registe
r formatted as `eax` (
for 32-bit values)
     = help: or use `{
0:r}` to keep the defa
ult formatting of `rax
` (for 64-bit values)
     = note: `#[warn(a
sm_sub_register)]` on 
by default

warning: formatting ma
y not be suitable for 
sub-register argument
    --> kernel\src\io\
dma.rs:1084:57
     |
1084 |             "mo
v eax, 7", "xor ecx, e
cx", "cpuid", "mov {},
 ebx",
     |                
                      
                   ^^
1085 |             out
(reg) result, out("eax
") _, out("ecx") _, ou
t("edx") _,
     |                
      ------ for this 
argument
     |
     = help: use `{0:e
}` to have the registe
r formatted as `eax` (
for 32-bit values)
     = help: or use `{
0:r}` to keep the defa
ult formatting of `rax
` (for 64-bit values)

warning: formatting ma
y not be suitable for 
sub-register argument
    --> kernel\src\io\
dma.rs:1097:41
     |
1097 |             "mo
v eax, 1", "cpuid", "m
ov {}, ebx",
     |                
                      
   ^^
1098 |             out
(reg) result, out("eax
") _, out("ecx") _, ou
t("edx") _,
     |                
      ------ for this 
argument
     |
     = help: use `{0:e
}` to have the registe
r formatted as `eax` (
for 32-bit values)
     = help: or use `{
0:r}` to keep the defa
ult formatting of `rax
` (for 64-bit values)

warning: use of deprec
ated method `io::hid::
keyboard::KeyboardDriv
er::poll_key_event`: S
PSC contract violation
 risk. Use KeyboardStr
eam::poll() instead. T
his function will be r
emoved in Phase 4.
    --> kernel\src\io\
hid\keyboard.rs:1767:1
8
     |
1767 |     PS2_KEYBOAR
D.poll_key_event()
     |                
  ^^^^^^^^^^^^^^

warning: use of deprec
ated method `io::hid::
keyboard::KeyboardDriv
er::poll_key_event`: S
PSC contract violation
 risk. Use KeyboardStr
eam::poll() instead. T
his function will be r
emoved in Phase 4.
    --> kernel\src\io\
hid\keyboard.rs:1776:4
2
     |
1776 |     while let S
ome(event) = PS2_KEYBO
ARD.poll_key_event() {
     |                
                      
    ^^^^^^^^^^^^^^

warning: use of deprec
ated method `net::endp
oint::socket::Socket::
accept`: 險ｭ險域嶌: POSIX繧
ｽ繧ｱ繝・ヨAPI繧剃ｽｿ逕ｨ縺励↑縺・Ｏ
ext_incoming()繧剃ｽｿ逕ｨ縺励
※縺上□縺輔＞
   --> kernel\src\net\
endpoint\futures.rs:14
1:27
    |
141 |         match se
lf.socket.accept() {
    |                 
          ^^^^^^

warning: variable does
 not need to be mutabl
e
   --> kernel\src\fs\p
rocfs.rs:297:17
    |
297 |             let 
mut output = alloc::st
ring::String::from(
    |                 
----^^^^^^
    |                 
|
    |                 
help: remove this `mut
`
    |
    = note: `#[warn(un
used_mut)]` (part of `
#[warn(unused)]`) on b
y default

warning: value assigne
d to `y` is never read
   --> kernel\src\grap
hics\bsod.rs:494:9
    |
494 |         y += 18;
    |         ^^^^^^^
    |
    = help: maybe it i
s overwritten before b
eing read?
    = note: `#[warn(un
used_assignments)]` (p
art of `#[warn(unused)
]`) on by default

warning: value assigne
d to `y` is never read
   --> kernel\src\grap
hics\bsod.rs:497:9
    |
497 |         y += 18;
    |         ^^^^^^^
    |
    = help: maybe it i
s overwritten before b
eing read?

warning: value assigne
d to `bit_buffer` is n
ever read
   --> kernel\src\grap
hics\qrcode.rs:339:31
    |
339 |     let mut bit_
buffer: u32 = 0;
    |                 
              ^
    |
    = help: maybe it i
s overwritten before b
eing read?

warning: value assigne
d to `bit_count` is ne
ver read
   --> kernel\src\grap
hics\qrcode.rs:340:32
    |
340 |     let mut bit_
count: usize = 0;
    |                 
               ^
    |
    = help: maybe it i
s overwritten before b
eing read?

warning: unused variab
le: `tick`
   --> kernel\src\inte
rrupts\mod.rs:323:9
    |
323 |     let tick = T
IMER_TICKS.fetch_add(1
, Ordering::Relaxed);
    |         ^^^^ hel
p: if this is intentio
nal, prefix it with an
 underscore: `_tick`
    |
    = note: `#[warn(un
used_variables)]` (par
t of `#[warn(unused)]`
) on by default

warning: unnecessary `
unsafe` block
   --> kernel\src\io\a
cpi\parser.rs:106:12
    |
 77 |     pub unsafe f
n parse(&mut self) -> 
Result<&AcpiInfo, Acpi
Error> { unsafe {
    |                 
                      
                      
         ------ becaus
e it's nested under th
is `unsafe` block
...
106 |         Ok(unsaf
e { self.info.as_ref()
.unwrap_unchecked() })
    |            ^^^^^
^ unnecessary `unsafe`
 block
    |
    = note: `#[warn(un
used_unsafe)]` (part o
f `#[warn(unused)]`) o
n by default

warning: unnecessary `
unsafe` block
   --> kernel\src\io\n
vme\per_core.rs:335:13
    |
335 |             unsa
fe { core::arch::x86_6
4::_mm_pause() };
    |             ^^^^
^^ unnecessary `unsafe
` block

warning: unnecessary `
unsafe` block
   --> kernel\src\io\n
vme\polling_driver.rs:
693:5
    |
693 |     unsafe {
    |     ^^^^^^ unnec
essary `unsafe` block

warning: variable does
 not need to be mutabl
e
   --> kernel\src\io\u
sb\xhci\command.rs:251
:13
    |
251 |         let mut 
pending = self.pending
.lock();
    |             ----
^^^^^^^
    |             |
    |             help
: remove this `mut`

warning: value assigne
d to `frame_num` is ne
ver read
   --> kernel\src\unwi
nd\mod.rs:538:25
    |
538 |     let mut fram
e_num = 0;
    |                 
        ^
    |
    = help: maybe it i
s overwritten before b
eing read?

warning: variable does
 not need to be mutabl
e
   --> kernel\src\appl
ication\games\mineswee
per.rs:205:13
    |
205 |         let mut 
game = Self {
    |             ----
^^^^
    |             |
    |             help
: remove this `mut`

warning: type `UdpSock
etInner` is more priva
te than the item `UdpS
ocketTable::find`
   --> kernel\src\net\
udp.rs:433:5
    |
433 |     pub fn find(
&self, port: u16) -> O
ption<Arc<Mutex<UdpSoc
ketInner>>> {
    |     ^^^^^^^^^^^^
^^^^^^^^^^^^^^^^^^^^^^
^^^^^^^^^^^^^^^^^^^^^^
^^^^^^^^^^^ method `Ud
pSocketTable::find` is
 reachable at visibili
ty `pub(crate)`
    |
note: but type `UdpSoc
ketInner` is only usab
le at visibility `pub(
self)`
   --> kernel\src\net\
udp.rs:260:1
    |
260 | struct UdpSocket
Inner {
    | ^^^^^^^^^^^^^^^^
^^^^^
    = note: `#[warn(pr
ivate_interfaces)]` on
 by default

warning: enum `DomainE
rror` is never used
  --> kernel\src\domai
n\lifecycle.rs:16:10
   |
16 | pub enum DomainEr
ror {
   |          ^^^^^^^^
^^^
   |
   = note: `#[warn(dea
d_code)]` (part of `#[
warn(unused)]`) on by 
default

warning: struct `Domai
nContext` is never con
structed
  --> kernel\src\domai
n\lifecycle.rs:41:12
   |
41 | pub struct Domain
Context {
   |            ^^^^^^
^^^^^^^

warning: associated fu
nction `new` is never 
used
  --> kernel\src\domai
n\lifecycle.rs:46:12
   |
45 | impl DomainContex
t {
   | -----------------
- associated function 
in this implementation
46 |     pub fn new(do
main_id: DomainId) -> 
Self {
   |            ^^^

warning: struct `Domai
nTask` is never constr
ucted
  --> kernel\src\domai
n\lifecycle.rs:53:12
   |
53 | pub struct Domain
Task<F>
   |            ^^^^^^
^^^^

warning: associated fu
nction `new` is never 
used
  --> kernel\src\domai
n\lifecycle.rs:65:12
   |
61 | / impl<F> DomainT
ask<F>
62 | | where
63 | |     F: Future<O
utput = ()> + Send + '
static,
   | |________________
______________________
______- associated fun
ction in this implemen
tation
64 |   {
65 |       pub fn new(
domain_id: DomainId, f
uture: F) -> Self {
   |              ^^^

warning: function `spa
wn_domain_task` is nev
er used
  --> kernel\src\domai
n\lifecycle.rs:72:8
   |
72 | pub fn spawn_doma
in_task<F>(domain_name
: &str, future: F) -> 
Result<(DomainId, Task
), DomainError>
   |        ^^^^^^^^^^
^^^^^^^

warning: function `dom
ain_wrapper` is never 
used
  --> kernel\src\domai
n\lifecycle.rs:97:10
   |
97 | async fn domain_w
rapper<F>(_domain_id: 
DomainId, future: F)
   |          ^^^^^^^^
^^^^^^

warning: function `ter
minate_domain` is neve
r used
   --> kernel\src\doma
in\lifecycle.rs:119:8
    |
119 | pub fn terminate
_domain(domain_id: Dom
ainId) -> Result<(), D
omainError> {
    |        ^^^^^^^^^
^^^^^^^

warning: function `han
dle_domain_panic` is n
ever used
   --> kernel\src\doma
in\lifecycle.rs:159:8
    |
159 | pub fn handle_do
main_panic(domain_id: 
DomainId, message: Str
ing) {
    |        ^^^^^^^^^
^^^^^^^^^^

warning: function `res
tart_domain` is never 
used
   --> kernel\src\doma
in\lifecycle.rs:197:8
    |
197 | pub fn restart_d
omain(domain_id: Domai
nId) -> Result<(), Dom
ainError> {
    |        ^^^^^^^^^
^^^^^

warning: function `add
_domain_dependency` is
 never used
   --> kernel\src\doma
in\lifecycle.rs:240:8
    |
240 | pub fn add_domai
n_dependency(dependent
: DomainId, dependency
: DomainId) -> Result<
(), DomainError> {
    |        ^^^^^^^^^
^^^^^^^^^^^^

warning: enum `KernelE
rror` is never used
  --> kernel\src\error
.rs:10:10
   |
10 | pub enum KernelEr
ror {
   |          ^^^^^^^^
^^^

warning: enum `MemoryE
rror` is never used
  --> kernel\src\error
.rs:29:10
   |
29 | pub enum MemoryEr
ror {
   |          ^^^^^^^^
^^^

warning: enum `DomainE
rrorKind` is never use
d
  --> kernel\src\error
.rs:54:10
   |
54 | pub enum DomainEr
rorKind {
   |          ^^^^^^^^
^^^^^^^

warning: enum `IpcErro
r` is never used
  --> kernel\src\error
.rs:75:10
   |
75 | pub enum IpcError
 {
   |          ^^^^^^^^

warning: enum `LoaderE
rror` is never used
  --> kernel\src\error
.rs:94:10
   |
94 | pub enum LoaderEr
ror {
   |          ^^^^^^^^
^^^

warning: enum `SasErro
rKind` is never used
   --> kernel\src\erro
r.rs:113:10
    |
113 | pub enum SasErro
rKind {
    |          ^^^^^^^
^^^^^

warning: enum `IoError
` is never used
   --> kernel\src\erro
r.rs:135:10
    |
135 | pub enum IoError
 {
    |          ^^^^^^^

warning: enum `General
Error` is never used
   --> kernel\src\erro
r.rs:168:10
    |
168 | pub enum General
Error {
    |          ^^^^^^^
^^^^^

warning: type alias `K
ernelResult` is never 
used
   --> kernel\src\erro
r.rs:561:10
    |
561 | pub type KernelR
esult<T> = Result<T, K
ernelError>;
    |          ^^^^^^^
^^^^^

warning: trait `ErrorC
ontext` is never used
   --> kernel\src\erro
r.rs:566:11
    |
566 | pub trait ErrorC
ontext<T> {
    |           ^^^^^^
^^^^^^

warning: struct `Conte
xtualError` is never c
onstructed
   --> kernel\src\erro
r.rs:573:12
    |
573 | pub struct Conte
xtualError {
    |            ^^^^^
^^^^^^^^^^

warning: struct `Recei
vedFis` is never const
ructed
   --> kernel\src\io\a
hci\command.rs:146:12
    |
146 | pub struct Recei
vedFis {
    |            ^^^^^
^^^^^^

warning: struct `AhciC
ontroller` is never co
nstructed
  --> kernel\src\io\ah
ci\controller.rs:20:12
   |
20 | pub struct AhciCo
ntroller {
   |            ^^^^^^
^^^^^^^^

warning: multiple asso
ciated items are never
 used
   --> kernel\src\io\a
hci\controller.rs:35:1
2
    |
 33 | impl AhciControl
ler {
    | ----------------
--- associated items i
n this implementation
 34 |     /// 譁ｰ縺励＞繧ｳ繝
ｳ繝医Ο繝ｼ繝ｩ繧剃ｽ懈・
 35 |     pub fn new(b
ase: u64) -> AhciResul
t<Self> {
    |            ^^^
...
 56 |     pub fn init(
&mut self) -> AhciResu
lt<()> {
    |            ^^^^
...
 91 |     pub fn port(
&self, port: PortNumbe
r) -> Option<&AhciPort
> {
    |            ^^^^
...
104 |     pub fn ports
_implemented(&self) ->
 u32 {
    |            ^^^^^
^^^^^^^^^^^^
...
109 |     pub fn versi
on(&self) -> u32 {
    |            ^^^^^
^^
...
114 |     pub fn comma
nd_slots(&self) -> u8 
{
    |            ^^^^^
^^^^^^^^
...
119 |     pub fn read_
ghc(&self, offset: u32
) -> u32 {
    |            ^^^^^
^^^
...
124 |     pub fn write
_ghc(&self, offset: u3
2, value: u32) {
    |            ^^^^^
^^^^
...
129 |     pub fn read_
port_reg(&self, port: 
PortNumber, offset: u3
2) -> u32 {
    |            ^^^^^
^^^^^^^^

warning: function `ini
t_from_pci` is never u
sed
   --> kernel\src\io\a
hci\controller.rs:137:
8
    |
137 | pub fn init_from
_pci(base_addr: u64) -
> AhciResult<Arc<Mutex
<AhciController>>> {
    |        ^^^^^^^^^
^^^^

warning: struct `AhciD
maReadBuffer` is never
 constructed
  --> kernel\src\io\ah
ci\dma_buffer.rs:16:12
   |
16 | pub struct AhciDm
aReadBuffer {
   |            ^^^^^^
^^^^^^^^^^^

warning: associated it
ems `new`, `phys_addr`
, `start_transfer`, `c
omplete_transfer`, `da
ta`, and `size` are ne
ver used
  --> kernel\src\io\ah
ci\dma_buffer.rs:27:12
   |
25 | impl AhciDmaReadB
uffer {
   | -----------------
----- associated items
 in this implementatio
n
26 |     /// 謖・ｮ壹そ繧ｯ繧ｿ
謨ｰ逕ｨ縺ｮ繝舌ャ繝輔ぃ繧剃ｽ懈・
27 |     pub fn new(se
ctor_count: usize) -> 
Option<Self> {
   |            ^^^
...
39 |     pub fn phys_a
ddr(&self) -> Option<P
hysAddr> {
   |            ^^^^^^
^^^
...
47 |     pub fn start_
transfer(&mut self) ->
 Result<u64, &'static 
str> {
   |            ^^^^^^
^^^^^^^^
...
55 |     pub fn comple
te_transfer(&mut self)
 -> Result<(), &'stati
c str> {
   |            ^^^^^^
^^^^^^^^^^^
...
62 |     pub fn data(&
self) -> Option<&[u8]>
 {
   |            ^^^^
...
67 |     pub fn size(&
self) -> usize {
   |            ^^^^

warning: struct `AhciD
maWriteBuffer` is neve
r constructed
  --> kernel\src\io\ah
ci\dma_buffer.rs:73:12
   |
73 | pub struct AhciDm
aWriteBuffer {
   |            ^^^^^^
^^^^^^^^^^^^

warning: associated it
ems `with_data`, `phys
_addr`, `start_transfe
r`, and `complete_tran
sfer` are never used
   --> kernel\src\io\a
hci\dma_buffer.rs:81:1
2
    |
 79 | impl AhciDmaWrit
eBuffer {
    | ----------------
------- associated ite
ms in this implementat
ion
 80 |     /// 譖ｸ縺崎ｾｼ縺ｿ
繝・・繧ｿ縺ｧ繝舌ャ繝輔ぃ繧剃ｽ懈・
 81 |     pub fn with_
data(data: &[u8]) -> O
ption<Self> {
    |            ^^^^^
^^^^
...
 96 |     pub fn phys_
addr(&self) -> Option<
PhysAddr> {
    |            ^^^^^
^^^^
...
104 |     pub fn start
_transfer(&mut self) -
> Result<u64, &'static
 str> {
    |            ^^^^^
^^^^^^^^^
...
112 |     pub fn compl
ete_transfer(&mut self
) -> Result<(), &'stat
ic str> {
    |            ^^^^^
^^^^^^^^^^^^

warning: struct `AhciI
dentifyBuffer` is neve
r constructed
   --> kernel\src\io\a
hci\dma_buffer.rs:122:
12
    |
122 | pub struct AhciI
dentifyBuffer {
    |            ^^^^^
^^^^^^^^^^^^^

warning: associated it
ems `new`, `phys_addr`
, `prepare`, and `fini
sh_and_get_words` are 
never used
   --> kernel\src\io\a
hci\dma_buffer.rs:128:
12
    |
126 | impl AhciIdentif
yBuffer {
    | ----------------
------- associated ite
ms in this implementat
ion
127 |     /// 隴伜挨繝・・繧ｿ
逕ｨ繝舌ャ繝輔ぃ・・12繝舌う繝茨ｼ・128
 |     pub fn new() ->
 Option<Self> {
    |            ^^^
...
134 |     pub fn phys_
addr(&self) -> PhysAdd
r {
    |            ^^^^^
^^^^
...
139 |     pub fn prepa
re(&self) {
    |            ^^^^^
^^
...
145 |     pub fn finis
h_and_get_words(&self)
 -> [u16; 256] {
    |            ^^^^^
^^^^^^^^^^^^^^^

warning: constant `ATA
_CMD_IDENTIFY` is neve
r used
  --> kernel\src\io\ah
ci\fis.rs:12:11
   |
12 | pub const ATA_CMD
_IDENTIFY: u8 = 0xEC;
   |           ^^^^^^^
^^^^^^^^^

warning: constant `ATA
_CMD_READ_DMA_EXT` is 
never used
  --> kernel\src\io\ah
ci\fis.rs:14:11
   |
14 | pub const ATA_CMD
_READ_DMA_EXT: u8 = 0x
25;
   |           ^^^^^^^
^^^^^^^^^^^^^

warning: constant `ATA
_CMD_WRITE_DMA_EXT` is
 never used
  --> kernel\src\io\ah
ci\fis.rs:16:11
   |
16 | pub const ATA_CMD
_WRITE_DMA_EXT: u8 = 0
x35;
   |           ^^^^^^^
^^^^^^^^^^^^^^

warning: constant `ATA
_CMD_FLUSH_CACHE` is n
ever used
  --> kernel\src\io\ah
ci\fis.rs:18:11
   |
18 | pub const ATA_CMD
_FLUSH_CACHE: u8 = 0xE
7;
   |           ^^^^^^^
^^^^^^^^^^^^

warning: constant `ATA
_CMD_FLUSH_CACHE_EXT` 
is never used
  --> kernel\src\io\ah
ci\fis.rs:20:11
   |
20 | pub const ATA_CMD
_FLUSH_CACHE_EXT: u8 =
 0xEA;
   |           ^^^^^^^
^^^^^^^^^^^^^^^^

warning: multiple vari
ants are never constru
cted
  --> kernel\src\io\ah
ci\fis.rs:33:5
   |
29 | pub enum FisType 
{
   |          ------- 
variants in this enum
...
33 |     RegD2H = 0x34
,
   |     ^^^^^^
34 |     /// DMA Activ
ate
35 |     DmaActivate =
 0x39,
   |     ^^^^^^^^^^^
36 |     /// DMA Setup
37 |     DmaSetup = 0x
41,
   |     ^^^^^^^^
38 |     /// Data
39 |     Data = 0x46,
   |     ^^^^
40 |     /// BIST Acti
vate
41 |     BistActivate 
= 0x58,
   |     ^^^^^^^^^^^^
42 |     /// PIO Setup
43 |     PioSetup = 0x
5F,
   |     ^^^^^^^^
44 |     /// Set Devic
e Bits
45 |     SetDeviceBits
 = 0xA1,
   |     ^^^^^^^^^^^^^
   |
   = note: `FisType` h
as derived impls for t
he traits `Clone` and 
`Debug`, but these are
 intentionally ignored
 during dead code anal
ysis

warning: associated fu
nctions `identify`, `r
ead_dma_ext`, and `wri
te_dma_ext` are never 
used
   --> kernel\src\io\a
hci\fis.rs:118:12
    |
116 | impl FisRegH2D {
    | -------------- a
ssociated functions in
 this implementation
117 |     /// IDENTIFY
繧ｳ繝槭Φ繝臥畑FIS繧剃ｽ懈・
118 |     pub fn ident
ify() -> Self {
    |            ^^^^^
^^^
...
141 |     pub fn read_
dma_ext(lba: Lba, coun
t: SectorCount) -> Sel
f {
    |            ^^^^^
^^^^^^^
...
164 |     pub fn write
_dma_ext(lba: Lba, cou
nt: SectorCount) -> Se
lf {
    |            ^^^^^
^^^^^^^^

warning: struct `Ident
ifyData` is never cons
tructed
  --> kernel\src\io\ah
ci\identify.rs:10:12
   |
10 | pub struct Identi
fyData {
   |            ^^^^^^
^^^^^^

warning: associated it
ems `from_words`, `par
se_string`, `capacity_
bytes`, and `capacity_
gb` are never used
   --> kernel\src\io\a
hci\identify.rs:31:12
    |
 29 | impl IdentifyDat
a {
    | ----------------
- associated items in 
this implementation
 30 |     /// 繝ｯ繝ｼ繝蛾・蛻
励°繧峨ヱ繝ｼ繧ｹ
 31 |     pub fn from_
words(words: &[u16; 25
6]) -> Self {
    |            ^^^^^
^^^^^
...
 80 |     fn parse_str
ing(words: &[u16]) -> 
String {
    |        ^^^^^^^^^
^^^
...
 96 |     pub fn capac
ity_bytes(&self) -> u6
4 {
    |            ^^^^^
^^^^^^^^^
...
101 |     pub fn capac
ity_gb(&self) -> f64 {
    |            ^^^^^
^^^^^^

warning: struct `AhciP
ollHandler` is never c
onstructed
  --> kernel\src\io\ah
ci\poll_handler.rs:22:
12
   |
22 | pub struct AhciPo
llHandler {
   |            ^^^^^^
^^^^^^^^^

warning: associated it
ems `new`, `next_reque
st_id`, `add_pending`,
 and `check_completion
` are never used
  --> kernel\src\io\ah
ci\poll_handler.rs:33:
12
   |
31 | impl AhciPollHand
ler {
   | -----------------
--- associated items i
n this implementation
32 |     /// 譁ｰ縺励＞ Ahc
iPollHandler 繧剃ｽ懈・
33 |     pub fn new(co
ntroller: Arc<Mutex<Ah
ciController>>) -> Sel
f {
   |            ^^^
...
42 |     pub fn next_r
equest_id(&self) -> Io
RequestId {
   |            ^^^^^^
^^^^^^^^^
...
47 |     pub fn add_pe
nding(&self, id: IoReq
uestId, port: PortNumb
er, slot: SlotNumber) 
{
   |            ^^^^^^
^^^^^
...
52 |     fn check_comp
letion(&self, port: Po
rtNumber, slot: SlotNu
mber) -> Option<bool> 
{
   |        ^^^^^^^^^^
^^^^^^

warning: function `reg
ister_ahci_with_io_sch
eduler` is never used
   --> kernel\src\io\a
hci\poll_handler.rs:10
4:8
    |
104 | pub fn register_
ahci_with_io_scheduler
(controller: Arc<Mutex
<AhciController>>, por
t_number: u8) {
    |        ^^^^^^^^^
^^^^^^^^^^^^^^^^^^^^^^

warning: struct `AhciP
ort` is never construc
ted
  --> kernel\src\io\ah
ci\port.rs:22:12
   |
22 | pub struct AhciPo
rt {
   |            ^^^^^^
^^

warning: multiple asso
ciated items are never
 used
   --> kernel\src\io\a
hci\port.rs:43:12
    |
 41 | impl AhciPort {
    | ------------- as
sociated items in this
 implementation
 42 |     /// 譁ｰ縺励＞繝昴・
繝医ｒ菴懈・
 43 |     pub fn new(b
ase: u64, port: PortNu
mber) -> Self {
    |            ^^^
...
 59 |     pub fn init(
&mut self) -> AhciResu
lt<()> {
    |            ^^^^
...
 95 |     fn start(&se
lf) -> AhciResult<()> 
{
    |        ^^^^^
...
110 |     fn stop(&sel
f) -> AhciResult<()> {
    |        ^^^^
...
141 |     fn find_slot
(&self) -> Option<Slot
Number> {
    |        ^^^^^^^^^
...
156 |     pub fn ident
ify(&mut self) -> Ahci
Result<IdentifyData> {
    |            ^^^^^
^^^
...
204 |     pub fn read_
sectors(
    |            ^^^^^
^^^^^^^
...
252 |     pub fn write
_sectors(&mut self, lb
a: Lba, count: SectorC
ount, buffer: &[u8]) -
> AhciResult<()> {
    |            ^^^^^
^^^^^^^^
...
295 |     fn wait_comp
letion(&self, slot: Sl
otNumber) -> AhciResul
t<()> {
    |        ^^^^^^^^^
^^^^^^
...
327 |     pub fn devic
e_type(&self) -> Devic
eType {
    |            ^^^^^
^^^^^^
...
332 |     pub fn read_
port(&self, offset: u3
2) -> u32 {
    |            ^^^^^
^^^^
...
337 |     pub fn write
_port(&self, offset: u
32, value: u32) {
    |            ^^^^^
^^^^^

warning: constant `GHC
_CAP` is never used
  --> kernel\src\io\ah
ci\types.rs:12:11
   |
12 | pub const GHC_CAP
: u32 = 0x00;
   |           ^^^^^^^

warning: constant `GHC
_GHC` is never used
  --> kernel\src\io\ah
ci\types.rs:14:11
   |
14 | pub const GHC_GHC
: u32 = 0x04;
   |           ^^^^^^^

warning: constant `GHC
_IS` is never used
  --> kernel\src\io\ah
ci\types.rs:16:11
   |
16 | pub const GHC_IS:
 u32 = 0x08;
   |           ^^^^^^

warning: constant `GHC
_PI` is never used
  --> kernel\src\io\ah
ci\types.rs:18:11
   |
18 | pub const GHC_PI:
 u32 = 0x0C;
   |           ^^^^^^

warning: constant `GHC
_VS` is never used
  --> kernel\src\io\ah
ci\types.rs:20:11
   |
20 | pub const GHC_VS:
 u32 = 0x10;
   |           ^^^^^^

warning: constant `GHC
_AE` is never used
  --> kernel\src\io\ah
ci\types.rs:24:11
   |
24 | pub const GHC_AE:
 u32 = 1 << 31;
   |           ^^^^^^

warning: constant `GHC
_IE` is never used
  --> kernel\src\io\ah
ci\types.rs:26:11
   |
26 | pub const GHC_IE:
 u32 = 1 << 1;
   |           ^^^^^^

warning: constant `GHC
_HR` is never used
  --> kernel\src\io\ah
ci\types.rs:28:11
   |
28 | pub const GHC_HR:
 u32 = 1 << 0;
   |           ^^^^^^

warning: constant `POR
T_BASE` is never used
  --> kernel\src\io\ah
ci\types.rs:35:11
   |
35 | pub const PORT_BA
SE: u32 = 0x100;
   |           ^^^^^^^
^^

warning: constant `POR
T_SIZE` is never used
  --> kernel\src\io\ah
ci\types.rs:37:11
   |
37 | pub const PORT_SI
ZE: u32 = 0x80;
   |           ^^^^^^^
^^

warning: constant `PX_
CLB` is never used
  --> kernel\src\io\ah
ci\types.rs:40:11
   |
40 | pub const PX_CLB:
 u32 = 0x00;
   |           ^^^^^^

warning: constant `PX_
CLBU` is never used
  --> kernel\src\io\ah
ci\types.rs:42:11
   |
42 | pub const PX_CLBU
: u32 = 0x04;
   |           ^^^^^^^

warning: constant `PX_
FB` is never used
  --> kernel\src\io\ah
ci\types.rs:44:11
   |
44 | pub const PX_FB: 
u32 = 0x08;
   |           ^^^^^

warning: constant `PX_
FBU` is never used
  --> kernel\src\io\ah
ci\types.rs:46:11
   |
46 | pub const PX_FBU:
 u32 = 0x0C;
   |           ^^^^^^

warning: constant `PX_
IS` is never used
  --> kernel\src\io\ah
ci\types.rs:48:11
   |
48 | pub const PX_IS: 
u32 = 0x10;
   |           ^^^^^

warning: constant `PX_
IE` is never used
  --> kernel\src\io\ah
ci\types.rs:50:11
   |
50 | pub const PX_IE: 
u32 = 0x14;
   |           ^^^^^

warning: constant `PX_
CMD` is never used
  --> kernel\src\io\ah
ci\types.rs:52:11
   |
52 | pub const PX_CMD:
 u32 = 0x18;
   |           ^^^^^^

warning: constant `PX_
TFD` is never used
  --> kernel\src\io\ah
ci\types.rs:54:11
   |
54 | pub const PX_TFD:
 u32 = 0x20;
   |           ^^^^^^

warning: constant `PX_
SIG` is never used
  --> kernel\src\io\ah
ci\types.rs:56:11
   |
56 | pub const PX_SIG:
 u32 = 0x24;
   |           ^^^^^^

warning: constant `PX_
SSTS` is never used
  --> kernel\src\io\ah
ci\types.rs:58:11
   |
58 | pub const PX_SSTS
: u32 = 0x28;
   |           ^^^^^^^

warning: constant `PX_
SCTL` is never used
  --> kernel\src\io\ah
ci\types.rs:60:11
   |
60 | pub const PX_SCTL
: u32 = 0x2C;
   |           ^^^^^^^

warning: constant `PX_
SERR` is never used
  --> kernel\src\io\ah
ci\types.rs:62:11
   |
62 | pub const PX_SERR
: u32 = 0x30;
   |           ^^^^^^^

warning: constant `PX_
SACT` is never used
  --> kernel\src\io\ah
ci\types.rs:64:11
   |
64 | pub const PX_SACT
: u32 = 0x34;
   |           ^^^^^^^

warning: constant `PX_
CI` is never used
  --> kernel\src\io\ah
ci\types.rs:66:11
   |
66 | pub const PX_CI: 
u32 = 0x38;
   |           ^^^^^

warning: constant `PX_
CMD_ST` is never used
  --> kernel\src\io\ah
ci\types.rs:70:11
   |
70 | pub const PX_CMD_
ST: u32 = 1 << 0;
   |           ^^^^^^^
^^

warning: constant `PX_
CMD_FRE` is never used
  --> kernel\src\io\ah
ci\types.rs:72:11
   |
72 | pub const PX_CMD_
FRE: u32 = 1 << 4;
   |           ^^^^^^^
^^^

warning: constant `PX_
CMD_FR` is never used
  --> kernel\src\io\ah
ci\types.rs:74:11
   |
74 | pub const PX_CMD_
FR: u32 = 1 << 14;
   |           ^^^^^^^
^^

warning: constant `PX_
CMD_CR` is never used
  --> kernel\src\io\ah
ci\types.rs:76:11
   |
76 | pub const PX_CMD_
CR: u32 = 1 << 15;
   |           ^^^^^^^
^^

warning: constant `PX_
IS_DHRS` is never used
  --> kernel\src\io\ah
ci\types.rs:80:11
   |
80 | pub const PX_IS_D
HRS: u32 = 1 << 0;
   |           ^^^^^^^
^^^

warning: constant `PX_
IS_PSS` is never used
  --> kernel\src\io\ah
ci\types.rs:82:11
   |
82 | pub const PX_IS_P
SS: u32 = 1 << 1;
   |           ^^^^^^^
^^

warning: constant `PX_
IS_DSS` is never used
  --> kernel\src\io\ah
ci\types.rs:84:11
   |
84 | pub const PX_IS_D
SS: u32 = 1 << 2;
   |           ^^^^^^^
^^

warning: constant `PX_
IS_SDBS` is never used
  --> kernel\src\io\ah
ci\types.rs:86:11
   |
86 | pub const PX_IS_S
DBS: u32 = 1 << 3;
   |           ^^^^^^^
^^^

warning: constant `PX_
IS_TFES` is never used
  --> kernel\src\io\ah
ci\types.rs:88:11
   |
88 | pub const PX_IS_T
FES: u32 = 1 << 30;
   |           ^^^^^^^
^^^

warning: constant `SEC
TOR_SIZE` is never use
d
  --> kernel\src\io\ah
ci\types.rs:91:11
   |
91 | pub const SECTOR_
SIZE: usize = 512;
   |           ^^^^^^^
^^^^

warning: methods `as_u
size` and `is_valid` a
re never used
   --> kernel\src\io\a
hci\types.rs:108:12
    |
101 | impl PortNumber 
{
    | --------------- 
methods in this implem
entation
...
108 |     pub fn as_us
ize(&self) -> usize {
    |            ^^^^^
^^^
...
113 |     pub fn is_va
lid(&self) -> bool {
    |            ^^^^^
^^^

warning: method `is_va
lid` is never used
   --> kernel\src\io\a
hci\types.rs:134:12
    |
122 | impl SlotNumber 
{
    | --------------- 
method in this impleme
ntation
...
134 |     pub fn is_va
lid(&self) -> bool {
    |            ^^^^^
^^^

warning: methods `as_u
64`, `is_lba48`, `low2
4`, and `high24` are n
ever used
   --> kernel\src\io\a
hci\types.rs:145:12
    |
143 | impl Lba {
    | -------- methods
 in this implementatio
n
144 |     /// LBA蛟､繧貞叙
蠕・145 |     pub fn as_
u64(&self) -> u64 {
    |            ^^^^^
^
...
150 |     pub fn is_lb
a48(&self) -> bool {
    |            ^^^^^
^^^
...
155 |     pub fn low24
(&self) -> u32 {
    |            ^^^^^
...
160 |     pub fn high2
4(&self) -> u32 {
    |            ^^^^^
^

warning: struct `Secto
rCount` is never const
ructed
   --> kernel\src\io\a
hci\types.rs:167:12
    |
167 | pub struct Secto
rCount(pub u16);
    |            ^^^^^
^^^^^^

warning: methods `as_u
16` and `to_bytes` are
 never used
   --> kernel\src\io\a
hci\types.rs:171:12
    |
169 | impl SectorCount
 {
    | ----------------
 methods in this imple
mentation
170 |     /// 繧ｻ繧ｯ繧ｿ謨ｰ
繧貞叙蠕・171 |     pub fn 
as_u16(&self) -> u16 {
    |            ^^^^^
^
...
176 |     pub fn to_by
tes(&self) -> u32 {
    |            ^^^^^
^^^

warning: variants `Non
e`, `Sata`, `Satapi`, 
`Semb`, and `PortMulti
plier` are never const
ructed
   --> kernel\src\io\a
hci\types.rs:189:5
    |
187 | pub enum DeviceT
ype {
    |          -------
--- variants in this e
num
188 |     /// 繝・ヰ繧､繧ｹ縺
ｪ縺・189 |     None,
    |     ^^^^
190 |     /// SATA繝・ヰ繧
､繧ｹ
191 |     Sata,
    |     ^^^^
192 |     /// SATAPI繝・
ヰ繧､繧ｹ・・D/DVD遲会ｼ・193 | 
    Satapi,
    |     ^^^^^^
194 |     /// Enclosur
e Management Bridge
195 |     Semb,
    |     ^^^^
196 |     /// Port Mul
tiplier
197 |     PortMultipli
er,
    |     ^^^^^^^^^^^^
^^
    |
    = note: `DeviceTyp
e` has derived impls f
or the traits `Clone` 
and `Debug`, but these
 are intentionally ign
ored during dead code 
analysis

warning: associated it
ems `from_signature` a
nd `is_sata` are never
 used
   --> kernel\src\io\a
hci\types.rs:202:12
    |
200 | impl DeviceType 
{
    | --------------- 
associated items in th
is implementation
201 |     /// 繧ｷ繧ｰ繝阪メ繝
｣縺九ｉ繝・ヰ繧､繧ｹ繧ｿ繧､繝励ｒ蛻､螳・
202 |     pub fn from_
signature(sig: u32) ->
 Self {
    |            ^^^^^
^^^^^^^^^
...
213 |     pub fn is_sa
ta(&self) -> bool {
    |            ^^^^^
^^

warning: field `0` is 
never read
   --> kernel\src\io\a
hci\types.rs:234:19
    |
234 |     TaskFileErro
r(u8),
    |     ------------
- ^^
    |     |
    |     field in thi
s variant
    |
    = note: `AhciError
` has derived impls fo
r the traits `Clone` a
nd `Debug`, but these 
are intentionally igno
red during dead code a
nalysis
help: consider changin
g the field to be of u
nit type to suppress t
his warning while pres
erving the field numbe
ring, or remove the fi
eld
    |
234 -     TaskFileErro
r(u8),
234 +     TaskFileErro
r(()),
    |

warning: variants `Por
tNotAvailable`, `NoDev
ice`, `AllocationError
`, `PciError`, `DmaErr
or`, and `Other` are n
ever constructed
   --> kernel\src\io\a
hci\types.rs:226:5
    |
224 | pub enum AhciErr
or {
    |          -------
-- variants in this en
um
225 |     /// 繝昴・繝医′蛻ｩ
逕ｨ荳榊庄
226 |     PortNotAvail
able,
    |     ^^^^^^^^^^^^
^^^^
227 |     /// 繝・ヰ繧､繧ｹ縺
梧磁邯壹＆繧後※縺・↑縺・228 |    
 NoDevice,
    |     ^^^^^^^^
...
238 |     AllocationEr
ror,
    |     ^^^^^^^^^^^^
^^^
239 |     /// PCI險ｭ螳壹お
繝ｩ繝ｼ
240 |     PciError(Str
ing),
    |     ^^^^^^^^
241 |     /// DMA繧ｨ繝ｩ繝
ｼ
242 |     DmaError,
    |     ^^^^^^^^
243 |     /// 縺昴・莉悶・繧ｨ
繝ｩ繝ｼ
244 |     Other(String
),
    |     ^^^^^
    |
    = note: `AhciError
` has derived impls fo
r the traits `Clone` a
nd `Debug`, but these 
are intentionally igno
red during dead code a
nalysis

warning: static `PS2_C
ONTROLLER` is never us
ed
  --> kernel\src\io\hi
d\ps2\mod.rs:33:8
   |
33 | static PS2_CONTRO
LLER: Mutex<Option<Ps2
Controller>> = Mutex::
new(None);
   |        ^^^^^^^^^^
^^^^

warning: static `KEYBO
ARD` is never used
  --> kernel\src\io\hi
d\ps2\mod.rs:35:8
   |
35 | static KEYBOARD: 
Mutex<Option<KeyboardH
andler>> = Mutex::new(
None);
   |        ^^^^^^^^

warning: static `MOUSE
` is never used
  --> kernel\src\io\hi
d\ps2\mod.rs:37:8
   |
37 | static MOUSE: Mut
ex<Option<MouseHandler
>> = Mutex::new(None);
   |        ^^^^^

warning: function `ini
t` is never used
  --> kernel\src\io\hi
d\ps2\mod.rs:40:8
   |
40 | pub fn init() {
   |        ^^^^

warning: function `key
board_interrupt_handle
r` is never used
  --> kernel\src\io\hi
d\ps2\mod.rs:63:8
   |
63 | pub fn keyboard_i
nterrupt_handler() {
   |        ^^^^^^^^^^
^^^^^^^^^^^^^^^^

warning: function `mou
se_interrupt_handler` 
is never used
  --> kernel\src\io\hi
d\ps2\mod.rs:81:8
   |
81 | pub fn mouse_inte
rrupt_handler() {
   |        ^^^^^^^^^^
^^^^^^^^^^^^^

warning: function `get
_key_event` is never u
sed
  --> kernel\src\io\hi
d\ps2\mod.rs:99:8
   |
99 | pub fn get_key_ev
ent() -> Option<KeyEve
nt> {
   |        ^^^^^^^^^^
^^^

warning: function `get
_mouse_event` is never
 used
   --> kernel\src\io\h
id\ps2\mod.rs:104:8
    |
104 | pub fn get_mouse
_event() -> Option<Mou
seEvent> {
    |        ^^^^^^^^^
^^^^^^

warning: function `get
_modifiers` is never u
sed
   --> kernel\src\io\h
id\ps2\mod.rs:109:8
    |
109 | pub fn get_modif
iers() -> Option<Modif
iers> {
    |        ^^^^^^^^^
^^^^

warning: function `set
_leds` is never used
   --> kernel\src\io\h
id\ps2\mod.rs:114:8
    |
114 | pub fn set_leds(
scroll: bool, num: boo
l, caps: bool) {
    |        ^^^^^^^^

warning: constant `SYS
TEM` is never used
  --> kernel\src\io\hi
d\ps2\constants.rs:16:
15
   |
16 |     pub const SYS
TEM: u8 = 0x04;       
// 繧ｷ繧ｹ繝・Β繝輔Λ繧ｰ
   |               ^^^
^^^

warning: constant `COM
MAND` is never used
  --> kernel\src\io\hi
d\ps2\constants.rs:17:
15
   |
17 |     pub const COM
MAND: u8 = 0x08;      
// 繧ｳ繝槭Φ繝・繝・・繧ｿ
   |               ^^^
^^^^

warning: constant `TIM
EOUT` is never used
  --> kernel\src\io\hi
d\ps2\constants.rs:18:
15
   |
18 |     pub const TIM
EOUT: u8 = 0x40;      
// 繧ｿ繧､繝繧｢繧ｦ繝医お繝ｩ繝ｼ
   |               ^^^
^^^^

warning: constant `PAR
ITY` is never used
  --> kernel\src\io\hi
d\ps2\constants.rs:19:
15
   |
19 |     pub const PAR
ITY: u8 = 0x80;       
// 繝代Μ繝・ぅ繧ｨ繝ｩ繝ｼ
   |               ^^^
^^^

warning: constant `REA
D_CONFIG` is never use
d
  --> kernel\src\io\hi
d\ps2\constants.rs:24:
15
   |
24 |     pub const REA
D_CONFIG: u8 = 0x20;  
 // 險ｭ螳壹ヰ繧､繝郁ｪｭ縺ｿ蜿悶ｊ
   |               ^^^
^^^^^^^^

warning: constant `WRI
TE_CONFIG` is never us
ed
  --> kernel\src\io\hi
d\ps2\constants.rs:25:
15
   |
25 |     pub const WRI
TE_CONFIG: u8 = 0x60; 
 // 險ｭ螳壹ヰ繧､繝域嶌縺崎ｾｼ縺ｿ
   |               ^^^
^^^^^^^^^

warning: constant `DIS
ABLE_PORT2` is never u
sed
  --> kernel\src\io\hi
d\ps2\constants.rs:26:
15
   |
26 |     pub const DIS
ABLE_PORT2: u8 = 0xA7;
 // 繝昴・繝・辟｡蜉ｹ蛹・   |   
            ^^^^^^^^^^
^^^

warning: constant `ENA
BLE_PORT2` is never us
ed
  --> kernel\src\io\hi
d\ps2\constants.rs:27:
15
   |
27 |     pub const ENA
BLE_PORT2: u8 = 0xA8; 
 // 繝昴・繝・譛牙柑蛹・   |    
           ^^^^^^^^^^^
^

warning: constant `TES
T_PORT2` is never used
  --> kernel\src\io\hi
d\ps2\constants.rs:28:
15
   |
28 |     pub const TES
T_PORT2: u8 = 0xA9;   
 // 繝昴・繝・繝・せ繝・   |    
           ^^^^^^^^^^

warning: constant `SEL
F_TEST` is never used
  --> kernel\src\io\hi
d\ps2\constants.rs:29:
15
   |
29 |     pub const SEL
F_TEST: u8 = 0xAA;    
 // 繧ｻ繝ｫ繝輔ユ繧ｹ繝・   |   
            ^^^^^^^^^

warning: constant `TES
T_PORT1` is never used
  --> kernel\src\io\hi
d\ps2\constants.rs:30:
15
   |
30 |     pub const TES
T_PORT1: u8 = 0xAB;   
 // 繝昴・繝・繝・せ繝・   |    
           ^^^^^^^^^^

warning: constant `DIS
ABLE_PORT1` is never u
sed
  --> kernel\src\io\hi
d\ps2\constants.rs:31:
15
   |
31 |     pub const DIS
ABLE_PORT1: u8 = 0xAD;
 // 繝昴・繝・辟｡蜉ｹ蛹・   |   
            ^^^^^^^^^^
^^^

warning: constant `ENA
BLE_PORT1` is never us
ed
  --> kernel\src\io\hi
d\ps2\constants.rs:32:
15
   |
32 |     pub const ENA
BLE_PORT1: u8 = 0xAE; 
 // 繝昴・繝・譛牙柑蛹・   |    
           ^^^^^^^^^^^
^

warning: constant `REA
D_OUTPUT` is never use
d
  --> kernel\src\io\hi
d\ps2\constants.rs:33:
15
   |
33 |     pub const REA
D_OUTPUT: u8 = 0xD0;  
 // 蜃ｺ蜉帙・繝ｼ繝郁ｪｭ縺ｿ蜿悶ｊ
   |               ^^^
^^^^^^^^

warning: constant `WRI
TE_OUTPUT` is never us
ed
  --> kernel\src\io\hi
d\ps2\constants.rs:34:
15
   |
34 |     pub const WRI
TE_OUTPUT: u8 = 0xD1; 
 // 蜃ｺ蜉帙・繝ｼ繝域嶌縺崎ｾｼ縺ｿ
   |               ^^^
^^^^^^^^^

warning: constant `SET
_LEDS` is never used
  --> kernel\src\io\hi
d\ps2\constants.rs:40:
15
   |
40 |     pub const SET
_LEDS: u8 = 0xED;     
     // LED險ｭ螳・   |   
            ^^^^^^^^

warning: constant `ECH
O` is never used
  --> kernel\src\io\hi
d\ps2\constants.rs:41:
15
   |
41 |     pub const ECH
O: u8 = 0xEE;         
     // 繧ｨ繧ｳ繝ｼ
   |               ^^^
^

warning: constant `GET
_SET_SCANCODE` is neve
r used
  --> kernel\src\io\hi
d\ps2\constants.rs:42:
15
   |
42 |     pub const GET
_SET_SCANCODE: u8 = 0x
F0;  // 繧ｹ繧ｭ繝｣繝ｳ繧ｳ繝ｼ繝峨
そ繝・ヨ蜿門ｾ・險ｭ螳・   |      
         ^^^^^^^^^^^^^
^^^

warning: constant `SET
_RATE` is never used
  --> kernel\src\io\hi
d\ps2\constants.rs:44:
15
   |
44 |     pub const SET
_RATE: u8 = 0xF3;     
     // 繧ｿ繧､繝励・繝・ぅ繝・け繝
ｬ繝ｼ繝郁ｨｭ螳・   |         
      ^^^^^^^^

warning: constant `ENA
BLE_SCAN` is never use
d
  --> kernel\src\io\hi
d\ps2\constants.rs:45:
15
   |
45 |     pub const ENA
BLE_SCAN: u8 = 0xF4;  
     // 繧ｹ繧ｭ繝｣繝ｳ譛牙柑蛹・ 
  |               ^^^^
^^^^^^^

warning: constant `DIS
ABLE_SCAN` is never us
ed
  --> kernel\src\io\hi
d\ps2\constants.rs:46:
15
   |
46 |     pub const DIS
ABLE_SCAN: u8 = 0xF5; 
     // 繧ｹ繧ｭ繝｣繝ｳ辟｡蜉ｹ蛹・
   |               ^^^
^^^^^^^^^

warning: constant `SET
_DEFAULTS` is never us
ed
  --> kernel\src\io\hi
d\ps2\constants.rs:47:
15
   |
47 |     pub const SET
_DEFAULTS: u8 = 0xF6; 
     // 繝・ヵ繧ｩ繝ｫ繝郁ｨｭ螳・ 
  |               ^^^^
^^^^^^^^

warning: constant `RES
END` is never used
  --> kernel\src\io\hi
d\ps2\constants.rs:48:
15
   |
48 |     pub const RES
END: u8 = 0xFE;       
     // 蜀埼・   |      
         ^^^^^^

warning: constant `RES
ET` is never used
  --> kernel\src\io\hi
d\ps2\constants.rs:49:
15
   |
49 |     pub const RES
ET: u8 = 0xFF;        
     // 繝ｪ繧ｻ繝・ヨ
   |               ^^^
^^

warning: constant `SET
_SCALING_1_1` is never
 used
  --> kernel\src\io\hi
d\ps2\constants.rs:54:
15
   |
54 |     pub const SET
_SCALING_1_1: u8 = 0xE
6;   // 1:1繧ｹ繧ｱ繝ｼ繝ｪ繝ｳ繧
ｰ
   |               ^^^
^^^^^^^^^^^^

warning: constant `SET
_SCALING_2_1` is never
 used
  --> kernel\src\io\hi
d\ps2\constants.rs:55:
15
   |
55 |     pub const SET
_SCALING_2_1: u8 = 0xE
7;   // 2:1繧ｹ繧ｱ繝ｼ繝ｪ繝ｳ繧
ｰ
   |               ^^^
^^^^^^^^^^^^

warning: constant `SET
_RESOLUTION` is never 
used
  --> kernel\src\io\hi
d\ps2\constants.rs:56:
15
   |
56 |     pub const SET
_RESOLUTION: u8 = 0xE8
;    // 隗｣蜒丞ｺｦ險ｭ螳・   |
               ^^^^^^^
^^^^^^^

warning: constant `GET
_STATUS` is never used
  --> kernel\src\io\hi
d\ps2\constants.rs:57:
15
   |
57 |     pub const GET
_STATUS: u8 = 0xE9;   
     // 繧ｹ繝・・繧ｿ繧ｹ蜿門ｾ・ 
  |               ^^^^
^^^^^^

warning: constant `SET
_STREAM` is never used
  --> kernel\src\io\hi
d\ps2\constants.rs:58:
15
   |
58 |     pub const SET
_STREAM: u8 = 0xEA;   
     // 繧ｹ繝医Μ繝ｼ繝繝｢繝ｼ繝
・   |               ^^
^^^^^^^^

warning: constant `REA
D_DATA` is never used
  --> kernel\src\io\hi
d\ps2\constants.rs:59:
15
   |
59 |     pub const REA
D_DATA: u8 = 0xEB;    
     // 繝・・繧ｿ隱ｭ縺ｿ蜿悶ｊ
   |               ^^^
^^^^^^

warning: constant `RES
ET_WRAP` is never used
  --> kernel\src\io\hi
d\ps2\constants.rs:60:
15
   |
60 |     pub const RES
ET_WRAP: u8 = 0xEC;   
     // 繝ｩ繝・・繝｢繝ｼ繝峨Μ繧ｻ
繝・ヨ
   |               ^^^
^^^^^^^

warning: constant `SET
_WRAP` is never used
  --> kernel\src\io\hi
d\ps2\constants.rs:61:
15
   |
61 |     pub const SET
_WRAP: u8 = 0xEE;     
     // 繝ｩ繝・・繝｢繝ｼ繝芽ｨｭ螳
・   |               ^^
^^^^^^

warning: constant `SET
_REMOTE` is never used
  --> kernel\src\io\hi
d\ps2\constants.rs:62:
15
   |
62 |     pub const SET
_REMOTE: u8 = 0xF0;   
     // 繝ｪ繝｢繝ｼ繝医Δ繝ｼ繝・ 
  |               ^^^^
^^^^^^

warning: constant `GET
_ID` is never used
  --> kernel\src\io\hi
d\ps2\constants.rs:63:
15
   |
63 |     pub const GET
_ID: u8 = 0xF2;       
     // 繝・ヰ繧､繧ｹID蜿門ｾ・ 
  |               ^^^^
^^

warning: constant `SET
_SAMPLE_RATE` is never
 used
  --> kernel\src\io\hi
d\ps2\constants.rs:64:
15
   |
64 |     pub const SET
_SAMPLE_RATE: u8 = 0xF
3;   // 繧ｵ繝ｳ繝励Ν繝ｬ繝ｼ繝郁ｨ
ｭ螳・   |               
^^^^^^^^^^^^^^^

warning: constant `ENA
BLE_DATA` is never use
d
  --> kernel\src\io\hi
d\ps2\constants.rs:65:
15
   |
65 |     pub const ENA
BLE_DATA: u8 = 0xF4;  
     // 繝・・繧ｿ繝ｬ繝昴・繝域怏蜉
ｹ蛹・   |               
^^^^^^^^^^^

warning: constant `DIS
ABLE_DATA` is never us
ed
  --> kernel\src\io\hi
d\ps2\constants.rs:66:
15
   |
66 |     pub const DIS
ABLE_DATA: u8 = 0xF5; 
     // 繝・・繧ｿ繝ｬ繝昴・繝育┌蜉
ｹ蛹・   |               
^^^^^^^^^^^^

warning: constant `SET
_DEFAULTS` is never us
ed
  --> kernel\src\io\hi
d\ps2\constants.rs:67:
15
   |
67 |     pub const SET
_DEFAULTS: u8 = 0xF6; 
     // 繝・ヵ繧ｩ繝ｫ繝郁ｨｭ螳・ 
  |               ^^^^
^^^^^^^^

warning: constant `RES
END` is never used
  --> kernel\src\io\hi
d\ps2\constants.rs:68:
15
   |
68 |     pub const RES
END: u8 = 0xFE;       
     // 蜀埼・   |      
         ^^^^^^

warning: constant `RES
ET` is never used
  --> kernel\src\io\hi
d\ps2\constants.rs:69:
15
   |
69 |     pub const RES
ET: u8 = 0xFF;        
     // 繝ｪ繧ｻ繝・ヨ
   |               ^^^
^^

warning: fields `dual_
channel`, `port1_type`
, `port2_type`, and `c
onfig` are never read
  --> kernel\src\io\hi
d\ps2\controller.rs:10
:5
   |
 8 | pub struct Ps2Con
troller {
   |            ------
------- fields in this
 struct
 9 |     /// 繝・Η繧｢繝ｫ繝√
Ε繝阪Ν繧ｵ繝昴・繝・10 |     du
al_channel: bool,
   |     ^^^^^^^^^^^^
11 |     /// 繝昴・繝・・医く繝
ｼ繝懊・繝会ｼ峨ョ繝舌う繧ｹ繧ｿ繧､繝・12
 |     pub(crate) port
1_type: Option<DeviceT
ype>,
   |                ^^
^^^^^^^^
13 |     /// 繝昴・繝・・医・繧
ｦ繧ｹ・峨ョ繝舌う繧ｹ繧ｿ繧､繝・14 | 
    pub(crate) port2_t
ype: Option<DeviceType
>,
   |                ^^
^^^^^^^^
15 |     /// 險ｭ螳壹ヰ繧､繝・
16 |     config: u8,
   |     ^^^^^^

warning: multiple meth
ods are never used
   --> kernel\src\io\h
id\ps2\controller.rs:1
20:8
    |
 30 | impl Ps2Controll
er {
    | ----------------
-- methods in this imp
lementation
...
120 |     fn read_conf
ig(&mut self) -> u8 {
    |        ^^^^^^^^^
^^
...
128 |     fn write_con
fig(&mut self, config:
 u8) {
    |        ^^^^^^^^^
^^^
...
135 |     fn self_test
(&self) -> bool {
    |        ^^^^^^^^^
...
142 |     fn test_port
1(&self) -> bool {
    |        ^^^^^^^^^
^
...
149 |     fn test_port
2(&self) -> bool {
    |        ^^^^^^^^^
^
...
235 |     fn init_keyb
oard(&self) -> bool {
    |        ^^^^^^^^^
^^^^
...
257 |     fn init_mous
e(&self) -> Option<Dev
iceType> {
    |        ^^^^^^^^^
^
...
316 |     pub fn initi
alize(&mut self) -> bo
ol {
    |            ^^^^^
^^^^^
...
386 |     pub fn set_k
eyboard_leds(&self, sc
roll: bool, num: bool,
 caps: bool) {
    |            ^^^^^
^^^^^^^^^^^^

warning: struct `Keybo
ardHandler` is never c
onstructed
  --> kernel\src\io\hi
d\ps2\keyboard.rs:12:1
2
   |
12 | pub struct Keyboa
rdHandler {
   |            ^^^^^^
^^^^^^^^^

warning: associated it
ems `new`, `process_sc
ancode`, `update_modif
iers`, `pop_event`, `m
odifiers`, and `scanco
de_to_char` are never 
used
   --> kernel\src\io\h
id\ps2\keyboard.rs:25:
12
    |
 23 | impl KeyboardHan
dler {
    | ----------------
---- associated items 
in this implementation
 24 |     /// 譁ｰ縺励＞繧ｭ繝
ｼ繝懊・繝峨ワ繝ｳ繝峨Λ繧剃ｽ懈・
 25 |     pub fn new()
 -> Self {
    |            ^^^
...
 35 |     pub fn proce
ss_scancode(&mut self,
 scancode: u8) {
    |            ^^^^^
^^^^^^^^^^^
...
 68 |     fn update_mo
difiers(&mut self, cod
e: KeyCode, pressed: b
ool, extended: bool) {
    |        ^^^^^^^^^
^^^^^^^
...
 90 |     pub fn pop_e
vent(&mut self) -> Opt
ion<KeyEvent> {
    |            ^^^^^
^^^^
...
 95 |     pub fn modif
iers(&self) -> Modifie
rs {
    |            ^^^^^
^^^^
...
100 |     pub fn scanc
ode_to_char(&self, sca
ncode: u8, extended: b
ool) -> Option<char> {
    |            ^^^^^
^^^^^^^^^^^

warning: struct `KeyCo
de` is never construct
ed
 --> kernel\src\io\hid
\ps2\keycode.rs:7:12
  |
7 | pub struct KeyCode
(pub u8);
  |            ^^^^^^^

warning: multiple asso
ciated constants are n
ever used
  --> kernel\src\io\hi
d\ps2\keycode.rs:11:15
   |
 9 | impl KeyCode {
   | ------------ asso
ciated constants in th
is implementation
10 |     // 迚ｹ谿翫く繝ｼ
11 |     pub const ESC
APE: Self = Self(0x01)
;
   |               ^^^
^^^
12 |     pub const BAC
KSPACE: Self = Self(0x
0E);
   |               ^^^
^^^^^^
13 |     pub const TAB
: Self = Self(0x0F);
   |               ^^^
14 |     pub const ENT
ER: Self = Self(0x1C);
   |               ^^^
^^
15 |     pub const LEF
T_CTRL: Self = Self(0x
1D);
   |               ^^^
^^^^^^
16 |     pub const LEF
T_SHIFT: Self = Self(0
x2A);
   |               ^^^
^^^^^^^
17 |     pub const RIG
HT_SHIFT: Self = Self(
0x36);
   |               ^^^
^^^^^^^^
18 |     pub const LEF
T_ALT: Self = Self(0x3
8);
   |               ^^^
^^^^^
19 |     pub const SPA
CE: Self = Self(0x39);
   |               ^^^
^^
20 |     pub const CAP
S_LOCK: Self = Self(0x
3A);
   |               ^^^
^^^^^^
21 |     pub const F1:
 Self = Self(0x3B);
   |               ^^
22 |     pub const F2:
 Self = Self(0x3C);
   |               ^^
23 |     pub const F3:
 Self = Self(0x3D);
   |               ^^
24 |     pub const F4:
 Self = Self(0x3E);
   |               ^^
25 |     pub const F5:
 Self = Self(0x3F);
   |               ^^
26 |     pub const F6:
 Self = Self(0x40);
   |               ^^
27 |     pub const F7:
 Self = Self(0x41);
   |               ^^
28 |     pub const F8:
 Self = Self(0x42);
   |               ^^
29 |     pub const F9:
 Self = Self(0x43);
   |               ^^
30 |     pub const F10
: Self = Self(0x44);
   |               ^^^
31 |     pub const NUM
_LOCK: Self = Self(0x4
5);
   |               ^^^
^^^^^
32 |     pub const SCR
OLL_LOCK: Self = Self(
0x46);
   |               ^^^
^^^^^^^^
33 |     pub const F11
: Self = Self(0x57);
   |               ^^^
34 |     pub const F12
: Self = Self(0x58);
   |               ^^^
...
37 |     pub const INS
ERT: Self = Self(0x52)
;
   |               ^^^
^^^
38 |     pub const DEL
ETE: Self = Self(0x53)
;
   |               ^^^
^^^
39 |     pub const HOM
E: Self = Self(0x47);
   |               ^^^
^
40 |     pub const END
: Self = Self(0x4F);
   |               ^^^
41 |     pub const PAG
E_UP: Self = Self(0x49
);
   |               ^^^
^^^^
42 |     pub const PAG
E_DOWN: Self = Self(0x
51);
   |               ^^^
^^^^^^
43 |     pub const UP:
 Self = Self(0x48);
   |               ^^
44 |     pub const DOW
N: Self = Self(0x50);
   |               ^^^
^
45 |     pub const LEF
T: Self = Self(0x4B);
   |               ^^^
^
46 |     pub const RIG
HT: Self = Self(0x4D);
   |               ^^^
^^
47 |     pub const RIG
HT_CTRL: Self = Self(0
x9D);
   |               ^^^
^^^^^^^
48 |     pub const RIG
HT_ALT: Self = Self(0x
B8);
   |               ^^^
^^^^^^

warning: struct `KeyEv
ent` is never construc
ted
  --> kernel\src\io\hi
d\ps2\keycode.rs:53:12
   |
53 | pub struct KeyEve
nt {
   |            ^^^^^^
^^

warning: struct `Modif
iers` is never constru
cted
  --> kernel\src\io\hi
d\ps2\keycode.rs:64:12
   |
64 | pub struct Modifi
ers {
   |            ^^^^^^
^^^

warning: methods `shif
t`, `ctrl`, and `alt` 
are never used
  --> kernel\src\io\hi
d\ps2\keycode.rs:77:12
   |
76 | impl Modifiers {
   | -------------- me
thods in this implemen
tation
77 |     pub fn shift(
&self) -> bool {
   |            ^^^^^
...
81 |     pub fn ctrl(&
self) -> bool {
   |            ^^^^
...
85 |     pub fn alt(&s
elf) -> bool {
   |            ^^^

warning: fields `event
s`, `packet`, `packet_
index`, and `packet_si
ze` are never read
  --> kernel\src\io\hi
d\ps2\mouse.rs:14:5
   |
12 | pub struct MouseH
andler {
   |            ------
------ fields in this 
struct
13 |     /// 繧､繝吶Φ繝医く繝
･繝ｼ
14 |     events: VecDe
que<MouseEvent>,
   |     ^^^^^^
15 |     /// 繝代こ繝・ヨ繝舌ャ
繝輔ぃ
16 |     packet: [u8; 
4],
   |     ^^^^^^
17 |     /// 繝代こ繝・ヨ繧､繝
ｳ繝・ャ繧ｯ繧ｹ
18 |     packet_index:
 usize,
   |     ^^^^^^^^^^^^
19 |     /// 繝代こ繝・ヨ繧ｵ繧
､繧ｺ・・縺ｾ縺溘・4・・20 |     
packet_size: usize,
   |     ^^^^^^^^^^^

warning: associated it
ems `new`, `process_by
te`, `process_packet`,
 and `pop_event` are n
ever used
   --> kernel\src\io\h
id\ps2\mouse.rs:33:12
    |
 31 | impl MouseHandle
r {
    | ----------------
- associated items in 
this implementation
 32 |     /// 譁ｰ縺励＞繝槭え
繧ｹ繝上Φ繝峨Λ繧剃ｽ懈・
 33 |     pub fn new(h
as_wheel: bool) -> Sel
f {
    |            ^^^
...
 46 |     pub fn proce
ss_byte(&mut self, byt
e: u8) {
    |            ^^^^^
^^^^^^^
...
 62 |     fn process_p
acket(&mut self) {
    |        ^^^^^^^^^
^^^^^
...
102 |     pub fn pop_e
vent(&mut self) -> Opt
ion<MouseEvent> {
    |            ^^^^^
^^^^

warning: enum `MouseBu
tton` is never used
 --> kernel\src\io\hid
\ps2\mouse_types.rs:7:
10
  |
7 | pub enum MouseButt
on {
  |          ^^^^^^^^^
^^

warning: fields `dx`, 
`dy`, `wheel`, and `bu
ttons` are never read
  --> kernel\src\io\hi
d\ps2\mouse_types.rs:1
9:9
   |
17 | pub struct MouseE
vent {
   |            ------
---- fields in this st
ruct
18 |     /// X遘ｻ蜍暮㍼
19 |     pub dx: i16,
   |         ^^
20 |     /// Y遘ｻ蜍暮㍼
21 |     pub dy: i16,
   |         ^^
22 |     /// 繝帙う繝ｼ繝ｫ遘ｻ
蜍暮㍼
23 |     pub wheel: i8
,
   |         ^^^^^
24 |     /// 繝懊ち繝ｳ迥ｶ諷・
25 |     pub buttons: 
u8,
   |         ^^^^^^^
   |
   = note: `MouseEvent
` has derived impls fo
r the traits `Debug` a
nd `Clone`, but these 
are intentionally igno
red during dead code a
nalysis

warning: method `is_pr
essed` is never used
  --> kernel\src\io\hi
d\ps2\mouse_types.rs:3
0:12
   |
28 | impl MouseEvent {
   | --------------- m
ethod in this implemen
tation
29 |     /// 繝懊ち繝ｳ縺梧款縺
輔ｌ縺ｦ縺・ｋ縺・30 |     pub 
fn is_pressed(&self, b
utton: MouseButton) ->
 bool {
   |            ^^^^^^
^^^^

warning: static `SERIA
L_INITIALIZED` is neve
r used
   --> kernel\src\io\l
og.rs:103:8
    |
103 | static SERIAL_IN
ITIALIZED: AtomicBool 
= AtomicBool::new(fals
e);
    |        ^^^^^^^^^
^^^^^^^^^

warning: function `ini
t_serial` is never use
d
   --> kernel\src\io\l
og.rs:109:8
    |
109 | pub fn init_seri
al() {
    |        ^^^^^^^^^
^^

warning: function `is_
in_panic` is never use
d
   --> kernel\src\io\l
og.rs:335:8
    |
335 | pub fn is_in_pan
ic() -> bool {
    |        ^^^^^^^^^
^^

warning: function `set
_log_level` is never u
sed
   --> kernel\src\io\l
og.rs:340:8
    |
340 | pub fn set_log_l
evel(level: LevelFilte
r) {
    |        ^^^^^^^^^
^^^^

warning: function `cur
rent_log_level` is nev
er used
   --> kernel\src\io\l
og.rs:346:8
    |
346 | pub fn current_l
og_level() -> LevelFil
ter {
    |        ^^^^^^^^^
^^^^^^^^

warning: function `is_
initialized` is never 
used
   --> kernel\src\io\l
og.rs:353:8
    |
353 | pub fn is_initia
lized() -> bool {
    |        ^^^^^^^^^
^^^^^

warning: enum `FrameAl
locatorType` is never 
used
  --> kernel\src\mm\mo
d.rs:90:10
   |
90 | pub enum FrameAll
ocatorType {
   |          ^^^^^^^^
^^^^^^^^^^

warning: struct `Unifi
edFrameAllocator` is n
ever constructed
   --> kernel\src\mm\m
od.rs:101:12
    |
101 | pub struct Unifi
edFrameAllocator;
    |            ^^^^^
^^^^^^^^^^^^^^^^

warning: multiple asso
ciated functions are n
ever used
   --> kernel\src\mm\m
od.rs:107:12
    |
103 | impl UnifiedFram
eAllocator {
    | ----------------
---------- associated 
functions in this impl
ementation
...
107 |     pub fn alloc
_4k() -> Option<PhysFr
ame<Size4KiB>> {
    |            ^^^^^
^^^
...
117 |     pub fn alloc
_2m() -> Option<PhysFr
ame<Size2MiB>> {
    |            ^^^^^
^^^
...
125 |     pub fn alloc
_1g() -> Option<PhysFr
ame<Size1GiB>> {
    |            ^^^^^
^^^
...
135 |     pub fn deall
oc_4k(frame: PhysFrame
<Size4KiB>) {
    |            ^^^^^
^^^^^
...
145 |     pub fn deall
oc_2m(frame: PhysFrame
<Size2MiB>) {
    |            ^^^^^
^^^^^
...
161 |     pub fn deall
oc_1g(frame: PhysFrame
<Size1GiB>) {
    |            ^^^^^
^^^^^
...
169 |     pub fn stats
() -> UnifiedAllocator
Stats {
    |            ^^^^^

warning: struct `Unifi
edAllocatorStats` is n
ever constructed
   --> kernel\src\mm\m
od.rs:184:12
    |
184 | pub struct Unifi
edAllocatorStats {
    |            ^^^^^
^^^^^^^^^^^^^^^^

warning: methods `tota
l_frames`, `used_frame
s`, and `free_frames` 
are never used
   --> kernel\src\mm\m
od.rs:197:12
    |
195 | impl UnifiedAllo
catorStats {
    | ----------------
---------- methods in 
this implementation
196 |     /// 邱上ヵ繝ｬ繝ｼ繝
謨ｰ
197 |     pub fn total
_frames(&self) -> u64 
{
    |            ^^^^^
^^^^^^^
...
202 |     pub fn used_
frames(&self) -> u64 {
    |            ^^^^^
^^^^^^
...
207 |     pub fn free_
frames(&self) -> u64 {
    |            ^^^^^
^^^^^^

warning: function `ini
t_smp` is never used
  --> kernel\src\smp\m
od.rs:26:8
   |
26 | pub fn init_smp()
 -> Result<(), &'stati
c str> {
   |        ^^^^^^^^

warning: enum `Timeout
Result` is never used
  --> kernel\src\task\
mod.rs:95:10
   |
95 | pub enum TimeoutR
esult<T> {
   |          ^^^^^^^^
^^^^^

warning: methods `is_c
ompleted`, `is_timed_o
ut`, and `ok` are neve
r used
   --> kernel\src\task
\mod.rs:104:12
    |
102 | impl<T> TimeoutR
esult<T> {
    | ----------------
-------- methods in th
is implementation
103 |     /// 螳御ｺ・＠縺溘°
104 |     pub fn is_co
mpleted(&self) -> bool
 {
    |            ^^^^^
^^^^^^^
...
109 |     pub fn is_ti
med_out(&self) -> bool
 {
    |            ^^^^^
^^^^^^^
...
114 |     pub fn ok(se
lf) -> Option<T> {
    |            ^^

warning: struct `Timeo
utFuture` is never con
structed
   --> kernel\src\task
\mod.rs:125:12
    |
125 | pub struct Timeo
utFuture<F: Future> {
    |            ^^^^^
^^^^^^^^

warning: associated fu
nction `new` is never 
used
   --> kernel\src\task
\mod.rs:132:12
    |
130 | impl<F: Future> 
TimeoutFuture<F> {
    | ----------------
---------------- assoc
iated function in this
 implementation
131 |     /// 譁ｰ縺励＞繧ｿ繧
､繝繧｢繧ｦ繝井ｻ倥″Future繧剃ｽ懈
・
132 |     pub fn new(f
uture: F, timeout_ms: 
u64) -> Self {
    |            ^^^

warning: function `wit
h_timeout` is never us
ed
   --> kernel\src\task
\mod.rs:172:8
    |
172 | pub fn with_time
out<F: Future>(future:
 F, timeout_ms: u64) -
> TimeoutFuture<F> {
    |        ^^^^^^^^^
^^^

warning: function `spa
wn_with_timeout` is ne
ver used
   --> kernel\src\task
\mod.rs:179:8
    |
179 | pub fn spawn_wit
h_timeout<F>(future: F
, timeout_ms: u64) -> 
TaskId
    |        ^^^^^^^^^
^^^^^^^^^

warning: variant `Erro
r` is never constructe
d
  --> kernel\src\demo\
mod.rs:17:5
   |
15 | pub enum DemoResu
lt {
   |          --------
-- variant in this enu
m
16 |     Success,
17 |     Error(String)
,
   |     ^^^^^

warning: function `ini
t` is never used
  --> kernel\src\demo\
mod.rs:21:8
   |
21 | pub fn init() {
   |        ^^^^

warning: function `lis
t_demos` is never used
  --> kernel\src\demo\
mod.rs:26:8
   |
26 | pub fn list_demos
() {
   |        ^^^^^^^^^^

warning: function `run
_demo` is never used
  --> kernel\src\demo\
mod.rs:35:8
   |
35 | pub fn run_demo(n
ame: &str) -> DemoResu
lt {
   |        ^^^^^^^^

warning: function `run
_basic_perf_demo` is n
ever used
  --> kernel\src\demo\
mod.rs:51:4
   |
51 | fn run_basic_perf
_demo() -> DemoResult 
{
   |    ^^^^^^^^^^^^^^
^^^^^

warning: function `rdt
sc` is never used
  --> kernel\src\demo\
mod.rs:93:4
   |
93 | fn rdtsc() -> u64
 {
   |    ^^^^^

warning: variant `Skip
ped` is never construc
ted
  --> kernel\src\test\
mod.rs:29:5
   |
23 | pub enum TestResu
lt {
   |          --------
-- variant in this enu
m
...
29 |     Skipped(Strin
g),
   |     ^^^^^^^
   |
   = note: `TestResult
` has derived impls fo
r the traits `Clone` a
nd `Debug`, but these 
are intentionally igno
red during dead code a
nalysis

warning: methods `is_p
assed` and `is_failed`
 are never used
  --> kernel\src\test\
mod.rs:33:12
   |
32 | impl TestResult {
   | --------------- m
ethods in this impleme
ntation
33 |     pub fn is_pas
sed(&self) -> bool {
   |            ^^^^^^
^^^
...
37 |     pub fn is_fai
led(&self) -> bool {
   |            ^^^^^^
^^^

warning: fields `name`
, `category`, and `fun
c` are never read
  --> kernel\src\test\
mod.rs:45:9
   |
43 | pub struct TestCa
se {
   |            ------
-- fields in this stru
ct
44 |     /// Test name
45 |     pub name: &'s
tatic str,
   |         ^^^^
46 |     /// Test cate
gory
47 |     pub category:
 &'static str,
   |         ^^^^^^^^
48 |     /// Test func
tion
49 |     pub func: fn(
) -> TestResult,
   |         ^^^^

warning: fields `passe
d`, `failed`, `skipped
`, and `stop_on_failur
e` are never read
  --> kernel\src\test\
mod.rs:57:5
   |
53 | pub struct TestRu
nner {
   |            ------
---- fields in this st
ruct
...
57 |     passed: Atomi
cU64,
   |     ^^^^^^
58 |     /// Failed co
unt
59 |     failed: Atomi
cU64,
   |     ^^^^^^
60 |     /// Skipped c
ount
61 |     skipped: Atom
icU64,
   |     ^^^^^^^
62 |     /// Stop on f
irst failure
63 |     stop_on_failu
re: AtomicBool,
   |     ^^^^^^^^^^^^^
^^

warning: methods `set_
stop_on_failure`, `run
_all`, `run_category`,
 and `reset` are never
 used
   --> kernel\src\test
\mod.rs:91:12
    |
 69 | impl TestRunner 
{
    | --------------- 
methods in this implem
entation
...
 91 |     pub fn set_s
top_on_failure(&self, 
stop: bool) {
    |            ^^^^^
^^^^^^^^^^^^^^
...
 96 |     pub fn run_a
ll(&self) -> TestSumma
ry {
    |            ^^^^^
^^
...
183 |     pub fn run_c
ategory(&self, categor
y: &str) -> TestSummar
y {
    |            ^^^^^
^^^^^^^
...
227 |     pub fn reset
(&self) {
    |            ^^^^^

warning: struct `TestS
ummary` is never const
ructed
   --> kernel\src\test
\mod.rs:235:12
    |
235 | pub struct TestS
ummary {
    |            ^^^^^
^^^^^^

warning: method `all_p
assed` is never used
   --> kernel\src\test
\mod.rs:244:12
    |
243 | impl TestSummary
 {
    | ----------------
 method in this implem
entation
244 |     pub fn all_p
assed(&self) -> bool {
    |            ^^^^^
^^^^^

warning: function `run
ner` is never used
   --> kernel\src\test
\mod.rs:267:8
    |
267 | pub fn runner() 
-> &'static TestRunner
 {
    |        ^^^^^^

warning: function `run
_all` is never used
   --> kernel\src\test
\mod.rs:318:8
    |
318 | pub fn run_all()
 -> TestSummary {
    |        ^^^^^^^

warning: function `run
_category` is never us
ed
   --> kernel\src\test
\mod.rs:324:8
    |
324 | pub fn run_categ
ory(category: &str) ->
 TestSummary {
    |        ^^^^^^^^^
^^^

warning: variant `Fail
ed` is never construct
ed
  --> kernel\src\integ
ration\mod.rs:43:5
   |
27 | pub enum Integrat
ionStatus {
   |          --------
--------- variant in t
his enum
...
43 |     Failed,
   |     ^^^^^^
   |
   = note: `Integratio
nStatus` has derived i
mpls for the traits `C
lone` and `Debug`, but
 these are intentional
ly ignored during dead
 code analysis

warning: variants `Acp
iError`, `PciError`, `
InterruptError`, `Devi
ceError`, and `Securit
yError` are never cons
tructed
  --> kernel\src\integ
ration\mod.rs:50:5
   |
48 | pub enum Integrat
ionError {
   |          --------
-------- variants in t
his enum
49 |     /// ACPI init
ialization failed
50 |     AcpiError(Str
ing),
   |     ^^^^^^^^^
51 |     /// PCI initi
alization failed
52 |     PciError(Stri
ng),
   |     ^^^^^^^^
53 |     /// Interrupt
 configuration failed
54 |     InterruptErro
r(String),
   |     ^^^^^^^^^^^^^
^
55 |     /// Device in
itialization failed
56 |     DeviceError(S
tring),
   |     ^^^^^^^^^^^
57 |     /// Security 
binding failed
58 |     SecurityError
(String),
   |     ^^^^^^^^^^^^^
   |
   = note: `Integratio
nError` has derived im
pls for the traits `Cl
one` and `Debug`, but 
these are intentionall
y ignored during dead 
code analysis

warning: methods `stat
us`, `boot_log`, `devi
ce_manager`, and `inte
rrupt_router` are neve
r used
   --> kernel\src\inte
gration\mod.rs:311:12
    |
 75 | impl SystemInteg
ration {
    | ----------------
------ methods in this
 implementation
...
311 |     pub fn statu
s(&self) -> Integratio
nStatus {
    |            ^^^^^
^
...
316 |     pub fn boot_
log(&self) -> &[String
] {
    |            ^^^^^
^^^
...
321 |     pub fn devic
e_manager(&self) -> &D
eviceManager {
    |            ^^^^^
^^^^^^^^^
...
326 |     pub fn inter
rupt_router(&self) -> 
&InterruptRouter {
    |            ^^^^^
^^^^^^^^^^^

warning: function `sta
tus` is never used
   --> kernel\src\inte
gration\mod.rs:357:8
    |
357 | pub fn status() 
-> IntegrationStatus {
    |        ^^^^^^

warning: function `boo
t_log` is never used
   --> kernel\src\inte
gration\mod.rs:366:8
    |
366 | pub fn boot_log(
) -> Vec<String> {
    |        ^^^^^^^^

warning: variants `Ser
ial` and `Timer` are n
ever constructed
  --> kernel\src\integ
ration\device_manager.
rs:29:5
   |
15 | pub enum DeviceTy
pe {
   |          --------
-- variants in this en
um
...
29 |     Serial,
   |     ^^^^^^
30 |     /// Timer dev
ice
31 |     Timer,
   |     ^^^^^
   |
   = note: `DeviceType
` has derived impls fo
r the traits `Clone` a
nd `Debug`, but these 
are intentionally igno
red during dead code a
nalysis

warning: variants `Ini
tializing`, `Ready`, `
Failed`, and `Disabled
` are never constructe
d
  --> kernel\src\integ
ration\device_manager.
rs:42:5
   |
38 | pub enum DeviceSt
atus {
   |          --------
---- variants in this 
enum
...
42 |     Initializing,
   |     ^^^^^^^^^^^^
43 |     /// Device is
 ready for use
44 |     Ready,
   |     ^^^^^
45 |     /// Device ha
s failed
46 |     Failed,
   |     ^^^^^^
47 |     /// Device is
 disabled
48 |     Disabled,
   |     ^^^^^^^^
   |
   = note: `DeviceStat
us` has derived impls 
for the traits `Clone`
 and `Debug`, but thes
e are intentionally ig
nored during dead code
 analysis

warning: fields `statu
s`, `interrupt_vector`
, and `base_addresses`
 are never read
  --> kernel\src\integ
ration\device_manager.
rs:61:9
   |
53 | pub struct Device
Info {
   |            ------
---- fields in this st
ruct
...
61 |     pub status: D
eviceStatus,
   |         ^^^^^^
...
69 |     pub interrupt
_vector: Option<u8>,
   |         ^^^^^^^^^
^^^^^^^
70 |     /// Base addr
esses
71 |     pub base_addr
esses: Vec<u64>,
   |         ^^^^^^^^^
^^^^^
   |
   = note: `DeviceInfo
` has derived impls fo
r the traits `Clone` a
nd `Debug`, but these 
are intentionally igno
red during dead code a
nalysis

warning: multiple meth
ods are never used
   --> kernel\src\inte
gration\device_manager
.rs:191:12
    |
177 | impl DeviceManag
er {
    | ----------------
-- methods in this imp
lementation
...
191 |     pub fn get(&
self, id: u64) -> Opti
on<&DeviceInfo> {
    |            ^^^
...
196 |     pub fn get_m
ut(&mut self, id: u64)
 -> Option<&mut Device
Info> {
    |            ^^^^^
^^
...
206 |     pub fn by_ty
pe(&self, device_type:
 DeviceType) -> Vec<&D
eviceInfo> {
    |            ^^^^^
^^
...
227 |     pub fn updat
e_status(&mut self, id
: u64, status: DeviceS
tatus) {
    |            ^^^^^
^^^^^^^^
...
234 |     pub fn assig
n_interrupt(&mut self,
 id: u64, vector: u8) 
{
    |            ^^^^^
^^^^^^^^^^^
...
241 |     pub fn stora
ge_devices(&self) -> V
ec<&DeviceInfo> {
    |            ^^^^^
^^^^^^^^^^
...
246 |     pub fn netwo
rk_devices(&self) -> V
ec<&DeviceInfo> {
    |            ^^^^^
^^^^^^^^^^

warning: multiple fiel
ds are never read
  --> kernel\src\integ
ration\interrupt_routi
ng.rs:15:9
   |
13 | pub struct IrqRou
te {
   |            ------
-- fields in this stru
ct
14 |     /// Source IR
Q (legacy) or device I
D
15 |     pub source: u
32,
   |         ^^^^^^
16 |     /// Destinati
on vector
17 |     pub vector: u
8,
   |         ^^^^^^
18 |     /// I/O APIC 
ID (for IOAPIC routing
)
19 |     pub ioapic_id
: u8,
   |         ^^^^^^^^^
20 |     /// I/O APIC 
input pin
21 |     pub ioapic_pi
n: u8,
   |         ^^^^^^^^^
^
22 |     /// Is MSI/MS
I-X route
23 |     pub is_msi: b
ool,
   |         ^^^^^^
24 |     /// Polarity 
(0 = active high, 1 = 
active low)
25 |     pub polarity:
 u8,
   |         ^^^^^^^^
26 |     /// Trigger m
ode (0 = edge, 1 = lev
el)
27 |     pub trigger_m
ode: u8,
   |         ^^^^^^^^^
^^^
   |
   = note: `IrqRoute` 
has derived impls for 
the traits `Clone` and
 `Debug`, but these ar
e intentionally ignore
d during dead code ana
lysis

warning: field `addres
s` is never read
  --> kernel\src\integ
ration\interrupt_routi
ng.rs:36:5
   |
32 | struct IoApicEntr
y {
   |        ----------
- field in this struct
...
36 |     address: u64,
   |     ^^^^^^^
   |
   = note: `IoApicEntr
y` has derived impls f
or the traits `Clone` 
and `Debug`, but these
 are intentionally ign
ored during dead code 
analysis

warning: field `next_v
ector` is never read
  --> kernel\src\integ
ration\interrupt_routi
ng.rs:65:5
   |
55 | pub struct Interr
uptRouter {
   |            ------
--------- field in thi
s struct
...
65 |     next_vector: 
AtomicU8,
   |     ^^^^^^^^^^^

warning: multiple asso
ciated items are never
 used
   --> kernel\src\inte
gration\interrupt_rout
ing.rs:72:11
    |
 68 | impl InterruptRo
uter {
    | ----------------
---- associated items 
in this implementation
...
 72 |     const LAST_V
ECTOR: u8 = 254;
    |           ^^^^^^
^^^^^
...
169 |     pub fn alloc
ate_vector(&self) -> O
ption<u8> {
    |            ^^^^^
^^^^^^^^^^
...
187 |     pub fn get_r
oute_by_vector(&self, 
vector: u8) -> Option<
&IrqRoute> {
    |            ^^^^^
^^^^^^^^^^^^^^
...
192 |     pub fn route
s(&self) -> &[IrqRoute
] {
    |            ^^^^^
^
...
197 |     pub fn get_m
si_vector(&self, devic
e_id: u64) -> Option<u
8> {
    |            ^^^^^
^^^^^^^^^
...
205 |     pub fn io_ap
ics(&self) -> impl Ite
rator<Item = (u8, u64,
 u32)> + '_ {
    |            ^^^^^
^^^
...
213 |     pub unsafe f
n program_ioapic_entry
(&self, route: &IrqRou
te) { unsafe {
    |                 
  ^^^^^^^^^^^^^^^^^^^^

warning: function `pro
gram_msi` is never use
d
   --> kernel\src\inte
gration\interrupt_rout
ing.rs:273:15
    |
273 | pub unsafe fn pr
ogram_msi(bus: u8, dev
ice: u8, function: u8,
 msi_offset: u8, vecto
r: u8) {
    |               ^^
^^^^^^^^^

warning: fields `devic
e_id`, `required_capab
ilities`, `security_la
bel`, and `allowed_dom
ains` are never read
  --> kernel\src\integ
ration\security_integr
ation.rs:15:9
   |
13 | pub struct Device
SecurityContext {
   |            ------
--------------- fields
 in this struct
14 |     /// Device ID
15 |     pub device_id
: u64,
   |         ^^^^^^^^^
16 |     /// Required 
capabilities
17 |     pub required_
capabilities: Vec<Devi
ceCapability>,
   |         ^^^^^^^^^
^^^^^^^^^^^^
18 |     /// Security 
label
19 |     pub security_
label: SecurityLabel,
   |         ^^^^^^^^^
^^^^^
20 |     /// Allowed d
omains
21 |     pub allowed_d
omains: Vec<u64>,
   |         ^^^^^^^^^
^^^^^^
   |
   = note: `DeviceSecu
rityContext` has deriv
ed impls for the trait
s `Clone` and `Debug`,
 but these are intenti
onally ignored during 
dead code analysis

warning: variant `RawI
o` is never constructe
d
  --> kernel\src\integ
ration\security_integr
ation.rs:32:5
   |
26 | pub enum DeviceCa
pability {
   |          --------
-------- variant in th
is enum
...
32 |     RawIo,
   |     ^^^^^
   |
   = note: `DeviceCapa
bility` has derived im
pls for the traits `Cl
one` and `Debug`, but 
these are intentionall
y ignored during dead 
code analysis

warning: associated it
ems `APPLICATION` and 
`dominates` are never 
used
  --> kernel\src\integ
ration\security_integr
ation.rs:64:15
   |
52 | impl SecurityLabe
l {
   | -----------------
- associated items in 
this implementation
...
64 |     pub const APP
LICATION: Self = Self 
{
   |               ^^^
^^^^^^^^
...
75 |     pub fn domina
tes(&self, other: &Sel
f) -> bool {
   |            ^^^^^^
^^^

warning: methods `get_
context`, `grant_acces
s`, `revoke_access`, `
check_access`, and `al
l_contexts` are never 
used
   --> kernel\src\inte
gration\security_integ
ration.rs:147:12
    |
 86 | impl SecurityInt
egration {
    | ----------------
-------- methods in th
is implementation
...
147 |     pub fn get_c
ontext(&self, device_i
d: u64) -> Option<&Dev
iceSecurityContext> {
    |            ^^^^^
^^^^^^
...
154 |     pub fn grant
_access(&mut self, dev
ice_id: u64, domain_id
: u64) {
    |            ^^^^^
^^^^^^^
...
167 |     pub fn revok
e_access(&mut self, de
vice_id: u64, domain_i
d: u64) {
    |            ^^^^^
^^^^^^^^
...
178 |     pub fn check
_access(&self, device_
id: u64, domain_id: u6
4) -> bool {
    |            ^^^^^
^^^^^^^
...
193 |     pub fn all_c
ontexts(&self) -> &[De
viceSecurityContext] {
    |            ^^^^^
^^^^^^^

warning: struct `Capab
ilityChecker` is never
 constructed
   --> kernel\src\inte
gration\security_integ
ration.rs:205:12
    |
205 | pub struct Capab
ilityChecker;
    |            ^^^^^
^^^^^^^^^^^^

warning: associated fu
nction `check_device_o
peration` is never use
d
   --> kernel\src\inte
gration\security_integ
ration.rs:209:12
    |
207 | impl CapabilityC
hecker {
    | ----------------
------ associated func
tion in this implement
ation
208 |     /// Check if
 operation is allowed
209 |     pub fn check
_device_operation(
    |            ^^^^^
^^^^^^^^^^^^^^^^^

warning: hiding a life
time that's elided els
ewhere is confusing
    --> kernel\src\fs\
fat32.rs:2352:21
     |
2352 |     pub fn clus
ters(&self, start: Clu
ster) -> ClusterChain 
{
     |                
     ^^^^^            
         ^^^^^^^^^^^^ 
the same lifetime is h
idden here
     |                
     |
     |                
     the lifetime is e
lided here
     |
     = help: the same 
lifetime is referred t
o in inconsistent ways
, making the signature
 confusing
     = note: `#[warn(m
ismatched_lifetime_syn
taxes)]` on by default
help: use `'_` for typ
e paths
     |
2352 |     pub fn clus
ters(&self, start: Clu
ster) -> ClusterChain<
'_> {
     |                
                      
                     +
+++

warning: `rany_kernel`
 (bin "exorust_kernel"
) generated 397 warnin
gs (run `cargo fix --b
in "exorust_kernel" -p
 rany_kernel` to apply
 159 suggestions)
    Finished `dev` pro
file [unoptimized + de
buginfo] target(s) in 
0.35s
